syscon_8xx.h:277:20:Chip_SYSCTL_AssertPeriphReset	16	static
syscon_8xx.h:287:20:Chip_SYSCTL_DeassertPeriphReset	16	static
syscon_8xx.h:297:20:Chip_SYSCTL_PeriphReset	16	static
clock_8xx.h:200:20:Chip_Clock_EnablePeriphClock	16	static
clock_8xx.h:210:20:Chip_Clock_DisablePeriphClock	16	static
ring_buffer.h:133:19:RingBuffer_IsEmpty	16	static
uart_8xx.h:204:20:Chip_UART_SendByte	16	static
uart_8xx.h:217:24:Chip_UART_ReadByte	16	static
uart_8xx.h:231:20:Chip_UART_IntEnable	16	static
uart_8xx.h:244:20:Chip_UART_IntDisable	16	static
uart_8xx.h:302:24:Chip_UART_GetStatus	16	static
uart_8xx.c:47:28:getUARTClockID	16	static
uart_8xx.c:64:6:Chip_UART_Init	16	static
uart_8xx.c:85:6:Chip_UART_DeInit	16	static
uart_8xx.c:92:5:Chip_UART_Send	32	static
uart_8xx.c:109:5:Chip_UART_SendBlocking	40	static
uart_8xx.c:125:5:Chip_UART_Read	32	static
uart_8xx.c:142:5:Chip_UART_ReadBlocking	40	static
uart_8xx.c:158:6:Chip_UART_SetBaud	24	static
uart_8xx.c:166:6:Chip_UART_RXIntHandlerRB	24	static
uart_8xx.c:176:6:Chip_UART_TXIntHandlerRB	24	static
uart_8xx.c:188:10:Chip_UART_SendRB	32	static
uart_8xx.c:210:5:Chip_UART_ReadRB	24	static
uart_8xx.c:218:6:Chip_UART_IRQRBHandler	24	static
