Archive member included to satisfy reference by file (symbol)

C:\Users\krystian.kucharski\Documents\MCUXpressoIDE_11.3.0_5222\workspace\lpc_board_lpc812\Debug\liblpc_board_lpc812.a(board.o)
                              ./src/Test_new_new.o (Board_LED_Set)
C:\Users\krystian.kucharski\Documents\MCUXpressoIDE_11.3.0_5222\workspace\lpc_board_lpc812\Debug\liblpc_board_lpc812.a(board_sysinit.o)
                              ./src/sysinit.o (Board_SystemInit)
C:\Users\krystian.kucharski\Documents\MCUXpressoIDE_11.3.0_5222\workspace\lpc_chip_8xx\Debug\liblpc_chip_8xx.a(chip_8xx.o)
                              ./src/Test_new_new.o (SystemCoreClockUpdate)
C:\Users\krystian.kucharski\Documents\MCUXpressoIDE_11.3.0_5222\workspace\lpc_chip_8xx\Debug\liblpc_chip_8xx.a(clock_8xx.o)
                              C:\Users\krystian.kucharski\Documents\MCUXpressoIDE_11.3.0_5222\workspace\lpc_board_lpc812\Debug\liblpc_board_lpc812.a(board_sysinit.o) (Chip_Clock_SetCLKOUTSource)
C:\Users\krystian.kucharski\Documents\MCUXpressoIDE_11.3.0_5222\workspace\lpc_chip_8xx\Debug\liblpc_chip_8xx.a(gpio_8xx.o)
                              C:\Users\krystian.kucharski\Documents\MCUXpressoIDE_11.3.0_5222\workspace\lpc_board_lpc812\Debug\liblpc_board_lpc812.a(board.o) (Chip_GPIO_Init)
C:\Users\krystian.kucharski\Documents\MCUXpressoIDE_11.3.0_5222\workspace\lpc_chip_8xx\Debug\liblpc_chip_8xx.a(swm_8xx.o)
                              C:\Users\krystian.kucharski\Documents\MCUXpressoIDE_11.3.0_5222\workspace\lpc_board_lpc812\Debug\liblpc_board_lpc812.a(board.o) (Chip_SWM_MovablePinAssign)
C:\Users\krystian.kucharski\Documents\MCUXpressoIDE_11.3.0_5222\workspace\lpc_chip_8xx\Debug\liblpc_chip_8xx.a(sysinit_8xx.o)
                              C:\Users\krystian.kucharski\Documents\MCUXpressoIDE_11.3.0_5222\workspace\lpc_board_lpc812\Debug\liblpc_board_lpc812.a(board_sysinit.o) (Chip_SetupIrcClocking)
C:\Users\krystian.kucharski\Documents\MCUXpressoIDE_11.3.0_5222\workspace\lpc_chip_8xx\Debug\liblpc_chip_8xx.a(uart_8xx.o)
                              C:\Users\krystian.kucharski\Documents\MCUXpressoIDE_11.3.0_5222\workspace\lpc_board_lpc812\Debug\liblpc_board_lpc812.a(board.o) (Chip_UART_Init)
C:\Users\krystian.kucharski\Documents\MCUXpressoIDE_11.3.0_5222\workspace\lpc_chip_8xx\Debug\liblpc_chip_8xx.a(irc_8xx.o)
                              C:\Users\krystian.kucharski\Documents\MCUXpressoIDE_11.3.0_5222\workspace\lpc_chip_8xx\Debug\liblpc_chip_8xx.a(sysinit_8xx.o) (Chip_IRC_SetFreq)
C:\Users\krystian.kucharski\Documents\MCUXpressoIDE_11.3.0_5222\workspace\lpc_chip_8xx\Debug\liblpc_chip_8xx.a(ring_buffer.o)
                              C:\Users\krystian.kucharski\Documents\MCUXpressoIDE_11.3.0_5222\workspace\lpc_chip_8xx\Debug\liblpc_chip_8xx.a(uart_8xx.o) (RingBuffer_Insert)
C:\Users\krystian.kucharski\Documents\MCUXpressoIDE_11.3.0_5222\workspace\lpc_chip_8xx\Debug\liblpc_chip_8xx.a(syscon_8xx.o)
                              C:\Users\krystian.kucharski\Documents\MCUXpressoIDE_11.3.0_5222\workspace\lpc_chip_8xx\Debug\liblpc_chip_8xx.a(sysinit_8xx.o) (Chip_SYSCTL_PowerDown)
c:/nxp/mcuxpressoide_11.3.0_5222/ide/plugins/com.nxp.mcuxpresso.tools.win32_11.3.0.202008311133/tools/bin/../lib/gcc/arm-none-eabi/9.3.1/thumb/v6-m/nofp\libgcc.a(_udivsi3.o)
                              C:\Users\krystian.kucharski\Documents\MCUXpressoIDE_11.3.0_5222\workspace\lpc_chip_8xx\Debug\liblpc_chip_8xx.a(clock_8xx.o) (__aeabi_uidiv)
c:/nxp/mcuxpressoide_11.3.0_5222/ide/plugins/com.nxp.mcuxpresso.tools.win32_11.3.0.202008311133/tools/bin/../lib/gcc/arm-none-eabi/9.3.1/thumb/v6-m/nofp\libgcc.a(_divsi3.o)
                              C:\Users\krystian.kucharski\Documents\MCUXpressoIDE_11.3.0_5222\workspace\lpc_board_lpc812\Debug\liblpc_board_lpc812.a(board.o) (__aeabi_idiv)
c:/nxp/mcuxpressoide_11.3.0_5222/ide/plugins/com.nxp.mcuxpresso.tools.win32_11.3.0.202008311133/tools/bin/../lib/gcc/arm-none-eabi/9.3.1/thumb/v6-m/nofp\libgcc.a(_dvmd_tls.o)
                              c:/nxp/mcuxpressoide_11.3.0_5222/ide/plugins/com.nxp.mcuxpresso.tools.win32_11.3.0.202008311133/tools/bin/../lib/gcc/arm-none-eabi/9.3.1/thumb/v6-m/nofp\libgcc.a(_udivsi3.o) (__aeabi_idiv0)
c:/nxp/mcuxpressoide_11.3.0_5222/ide/plugins/com.nxp.mcuxpresso.tools.win32_11.3.0.202008311133/tools/bin/../lib/gcc/arm-none-eabi/9.3.1/thumb/v6-m/nofp\libgcc.a(_aeabi_uldivmod.o)
                              C:\Users\krystian.kucharski\Documents\MCUXpressoIDE_11.3.0_5222\workspace\lpc_chip_8xx\Debug\liblpc_chip_8xx.a(clock_8xx.o) (__aeabi_uldivmod)
c:/nxp/mcuxpressoide_11.3.0_5222/ide/plugins/com.nxp.mcuxpresso.tools.win32_11.3.0.202008311133/tools/bin/../lib/gcc/arm-none-eabi/9.3.1/thumb/v6-m/nofp\libgcc.a(_udivmoddi4.o)
                              c:/nxp/mcuxpressoide_11.3.0_5222/ide/plugins/com.nxp.mcuxpresso.tools.win32_11.3.0.202008311133/tools/bin/../lib/gcc/arm-none-eabi/9.3.1/thumb/v6-m/nofp\libgcc.a(_aeabi_uldivmod.o) (__udivmoddi4)
[...]
Memory Configuration

Name             Origin             Length             Attributes
MFlash16         0x00000000         0x00004000         xr
RamLoc4          0x10000000         0x00001000         xrw
*default*        0x00000000         0xffffffff

Linker script and memory map

LOAD ./src/Test_new_new.o
LOAD ./src/cr_cpp_config.o
LOAD ./src/cr_startup_lpc8xx.o
LOAD ./src/crp.o
LOAD ./src/mtb.o
LOAD ./src/sysinit.o
LOAD C:\Users\krystian.kucharski\Documents\MCUXpressoIDE_11.3.0_5222\workspace\lpc_board_lpc812\Debug\liblpc_board_lpc812.a
LOAD C:\Users\krystian.kucharski\Documents\MCUXpressoIDE_11.3.0_5222\workspace\lpc_chip_8xx\Debug\liblpc_chip_8xx.a
START GROUP
LOAD c:/nxp/mcuxpressoide_11.3.0_5222/ide/plugins/com.nxp.mcuxpresso.tools.win32_11.3.0.202008311133/tools/bin/../lib/gcc/arm-none-eabi/9.3.1/thumb/v6-m/nofp\libgcc.a
LOAD c:/nxp/mcuxpressoide_11.3.0_5222/ide/plugins/com.nxp.mcuxpresso.tools.win32_11.3.0.202008311133/tools/bin/../lib/gcc/arm-none-eabi/9.3.1/../../../../arm-none-eabi/lib/thumb/v6-m/nofp\libc.a
LOAD c:/nxp/mcuxpressoide_11.3.0_5222/ide/plugins/com.nxp.mcuxpresso.tools.win32_11.3.0.202008311133/tools/bin/../lib/gcc/arm-none-eabi/9.3.1/../../../../arm-none-eabi/lib/thumb/v6-m/nofp\libstdc++.a
LOAD c:/nxp/mcuxpressoide_11.3.0_5222/ide/plugins/com.nxp.mcuxpresso.tools.win32_11.3.0.202008311133/tools/bin/../lib/gcc/arm-none-eabi/9.3.1/../../../../arm-none-eabi/lib/thumb/v6-m/nofp\libm.a
LOAD c:/nxp/mcuxpressoide_11.3.0_5222/ide/plugins/com.nxp.mcuxpresso.tools.win32_11.3.0.202008311133/tools/bin/../lib/gcc/arm-none-eabi/9.3.1/../../../../arm-none-eabi/lib/thumb/v6-m/nofp\libcr_newlib_nohost.a
LOAD c:/nxp/mcuxpressoide_11.3.0_5222/ide/plugins/com.nxp.mcuxpresso.tools.win32_11.3.0.202008311133/tools/bin/../lib/gcc/arm-none-eabi/9.3.1/thumb/v6-m/nofp\crti.o
LOAD c:/nxp/mcuxpressoide_11.3.0_5222/ide/plugins/com.nxp.mcuxpresso.tools.win32_11.3.0.202008311133/tools/bin/../lib/gcc/arm-none-eabi/9.3.1/thumb/v6-m/nofp\crtn.o
LOAD c:/nxp/mcuxpressoide_11.3.0_5222/ide/plugins/com.nxp.mcuxpresso.tools.win32_11.3.0.202008311133/tools/bin/../lib/gcc/arm-none-eabi/9.3.1/thumb/v6-m/nofp\crtbegin.o
LOAD c:/nxp/mcuxpressoide_11.3.0_5222/ide/plugins/com.nxp.mcuxpresso.tools.win32_11.3.0.202008311133/tools/bin/../lib/gcc/arm-none-eabi/9.3.1/thumb/v6-m/nofp\crtend.o
END GROUP
                0x00000000                __base_MFlash16 = 0x0
                0x00000000                __base_Flash = 0x0
                0x00004000                __top_MFlash16 = 0x4000
                0x00004000                __top_Flash = 0x4000
                0x10000000                __base_RamLoc4 = 0x10000000
                0x10000000                __base_RAM = 0x10000000
                0x10001000                __top_RamLoc4 = 0x10001000
                0x10001000                __top_RAM = 0x10001000

.text           0x00000000     0xa218
 FILL mask 0xff
                0x00000000                __vectors_start__ = ABSOLUTE (.)
 *(.isr_vector)
 .isr_vector    0x00000000       0xc0 ./src/cr_startup_lpc8xx.o
                0x00000000                g_pfnVectors
                0x000000c0                . = ALIGN (0x4)
                0x000000c0                __section_table_start = .
                0x000000c0                __data_section_table = .
                0x000000c0        0x4 LONG 0xa220 LOADADDR (.data)
                0x000000c4        0x4 LONG 0x10000100 ADDR (.data)
                0x000000c8        0x4 LONG 0x9ac SIZEOF (.data)
                0x000000cc                __data_section_table_end = .
                0x000000cc                __bss_section_table = .
                0x000000cc        0x4 LONG 0x10000aac ADDR (.bss)
                0x000000d0        0x4 LONG 0x88 SIZEOF (.bss)
                0x000000d4                __bss_section_table_end = .
                0x000000d4                __section_table_end = .
 *(.after_vectors*)
 .after_vectors
                0x000000d4      0x11c ./src/cr_startup_lpc8xx.o
                0x000000d4                data_init(unsigned int, unsigned int, unsigned int)
                0x00000114                bss_init(unsigned int, unsigned int)
                0x00000148                ResetISR
                0x000001cc                NMI_Handler
                0x000001d2                HardFault_Handler
                0x000001d8                SVC_Handler
                0x000001de                PendSV_Handler
                0x000001e4                SysTick_Handler
                0x000001ea                PININT1_IRQHandler
                0x000001ea                MRT_IRQHandler
                0x000001ea                UART1_IRQHandler
                0x000001ea                UART0_IRQHandler
                0x000001ea                SPI1_IRQHandler
                0x000001ea                PININT2_IRQHandler
                0x000001ea                PININT3_IRQHandler
                0x000001ea                UART2_IRQHandler
                0x000001ea                PININT5_IRQHandler
                0x000001ea                PININT4_IRQHandler
                0x000001ea                WKT_IRQHandler
                0x000001ea                PININT0_IRQHandler
                0x000001ea                BOD_IRQHandler
                0x000001ea                SCT_IRQHandler
                0x000001ea                I2C_IRQHandler
                0x000001ea                PININT7_IRQHandler
                0x000001ea                WDT_IRQHandler
                0x000001ea                IntDefaultHandler
                0x000001ea                PININT6_IRQHandler
                0x000001ea                SPI0_IRQHandler
                0x000001ea                CMP_IRQHandler
 *(.text*)
 .text.Chip_Clock_EnablePeriphClock
                0x000001f0       0x38 ./src/Test_new_new.o
 .text.Chip_GPIO_SetPinState
                0x00000228       0x3e ./src/Test_new_new.o
 .text.Chip_GPIO_GetPinState
                0x00000266       0x38 ./src/Test_new_new.o
 .text.Chip_GPIO_SetPortDIROutput
                0x0000029e       0x42 ./src/Test_new_new.o
 .text.Chip_GPIO_SetPortDIRInput
                0x000002e0       0x44 ./src/Test_new_new.o
 .text.Chip_GPIO_SetPinOutHigh
                0x00000324       0x3c ./src/Test_new_new.o
 .text.Chip_GPIO_SetPinOutLow
                0x00000360       0x3c ./src/Test_new_new.o
 .text.main     0x0000039c       0xb4 ./src/Test_new_new.o
                0x0000039c                main
 .text.SystemInit
                0x00000450        0xe ./src/sysinit.o
                0x00000450                SystemInit
 *fill*         0x0000045e        0x2 ff
 .text.Chip_Clock_EnablePeriphClock
                0x00000460       0x38 C:\Users\krystian.kucharski\Documents\MCUXpressoIDE_11.3.0_5222\workspace\lpc_board_lpc812\Debug\liblpc_board_lpc812.a(board.o)
 .text.Chip_Clock_DisablePeriphClock
                0x00000498       0x3c C:\Users\krystian.kucharski\Documents\MCUXpressoIDE_11.3.0_5222\workspace\lpc_board_lpc812\Debug\liblpc_board_lpc812.a(board.o)
 .text.Chip_Clock_SetUARTClockDiv
                0x000004d4       0x1c C:\Users\krystian.kucharski\Documents\MCUXpressoIDE_11.3.0_5222\workspace\lpc_board_lpc812\Debug\liblpc_board_lpc812.a(board.o)
 .text.Chip_SWM_DisableFixedPin
                0x000004f0       0x3c C:\Users\krystian.kucharski\Documents\MCUXpressoIDE_11.3.0_5222\workspace\lpc_board_lpc812\Debug\liblpc_board_lpc812.a(board.o)
 .text.Chip_GPIO_SetPinState
                0x0000052c       0x3e C:\Users\krystian.kucharski\Documents\MCUXpressoIDE_11.3.0_5222\workspace\lpc_board_lpc812\Debug\liblpc_board_lpc812.a(board.o)
 .text.Chip_GPIO_SetPinDIROutput
                0x0000056a       0x50 C:\Users\krystian.kucharski\Documents\MCUXpressoIDE_11.3.0_5222\workspace\lpc_board_lpc812\Debug\liblpc_board_lpc812.a(board.o)
 *fill*         0x000005ba        0x2 ff
 .text.Chip_UART_Enable
                0x000005bc       0x24 C:\Users\krystian.kucharski\Documents\MCUXpressoIDE_11.3.0_5222\workspace\lpc_board_lpc812\Debug\liblpc_board_lpc812.a(board.o)
 .text.Chip_UART_TXEnable
                0x000005e0       0x20 C:\Users\krystian.kucharski\Documents\MCUXpressoIDE_11.3.0_5222\workspace\lpc_board_lpc812\Debug\liblpc_board_lpc812.a(board.o)
 .text.Chip_UART_ConfigData
                0x00000600       0x2c C:\Users\krystian.kucharski\Documents\MCUXpressoIDE_11.3.0_5222\workspace\lpc_board_lpc812\Debug\liblpc_board_lpc812.a(board.o)
 .text.Board_LED_Init
                0x0000062c       0x50 C:\Users\krystian.kucharski\Documents\MCUXpressoIDE_11.3.0_5222\workspace\lpc_board_lpc812\Debug\liblpc_board_lpc812.a(board.o)
 .text.Board_UART_Init
                0x0000067c       0x32 C:\Users\krystian.kucharski\Documents\MCUXpressoIDE_11.3.0_5222\workspace\lpc_board_lpc812\Debug\liblpc_board_lpc812.a(board.o)
 *fill*         0x000006ae        0x2 ff
 .text.Board_LED_Set
                0x000006b0       0x44 C:\Users\krystian.kucharski\Documents\MCUXpressoIDE_11.3.0_5222\workspace\lpc_board_lpc812\Debug\liblpc_board_lpc812.a(board.o)
                0x000006b0                Board_LED_Set
 .text.Board_Debug_Init
                0x000006f4       0x50 C:\Users\krystian.kucharski\Documents\MCUXpressoIDE_11.3.0_5222\workspace\lpc_board_lpc812\Debug\liblpc_board_lpc812.a(board.o)
                0x000006f4                Board_Debug_Init
 .text.Board_Init
                0x00000744       0x1c C:\Users\krystian.kucharski\Documents\MCUXpressoIDE_11.3.0_5222\workspace\lpc_board_lpc812\Debug\liblpc_board_lpc812.a(board.o)
                0x00000744                Board_Init
 .text.Chip_Clock_EnablePeriphClock
                0x00000760       0x38 C:\Users\krystian.kucharski\Documents\MCUXpressoIDE_11.3.0_5222\workspace\lpc_board_lpc812\Debug\liblpc_board_lpc812.a(board_sysinit.o)
 .text.Chip_Clock_DisablePeriphClock
                0x00000798       0x3c C:\Users\krystian.kucharski\Documents\MCUXpressoIDE_11.3.0_5222\workspace\lpc_board_lpc812\Debug\liblpc_board_lpc812.a(board_sysinit.o)
 .text.Board_SetupMuxing
                0x000007d4       0x64 C:\Users\krystian.kucharski\Documents\MCUXpressoIDE_11.3.0_5222\workspace\lpc_board_lpc812\Debug\liblpc_board_lpc812.a(board_sysinit.o)
                0x000007d4                Board_SetupMuxing
 .text.Board_SetupClocking
                0x00000838       0x16 C:\Users\krystian.kucharski\Documents\MCUXpressoIDE_11.3.0_5222\workspace\lpc_board_lpc812\Debug\liblpc_board_lpc812.a(board_sysinit.o)
                0x00000838                Board_SetupClocking
 .text.Board_SystemInit
                0x0000084e       0x12 C:\Users\krystian.kucharski\Documents\MCUXpressoIDE_11.3.0_5222\workspace\lpc_board_lpc812\Debug\liblpc_board_lpc812.a(board_sysinit.o)
                0x0000084e                Board_SystemInit
 .text.SystemCoreClockUpdate
                0x00000860       0x18 C:\Users\krystian.kucharski\Documents\MCUXpressoIDE_11.3.0_5222\workspace\lpc_chip_8xx\Debug\liblpc_chip_8xx.a(chip_8xx.o)
                0x00000860                SystemCoreClockUpdate
 .text.Chip_SYSCTL_AssertPeriphReset
                0x00000878       0x38 C:\Users\krystian.kucharski\Documents\MCUXpressoIDE_11.3.0_5222\workspace\lpc_chip_8xx\Debug\liblpc_chip_8xx.a(clock_8xx.o)
 .text.Chip_SYSCTL_DeassertPeriphReset
                0x000008b0       0x34 C:\Users\krystian.kucharski\Documents\MCUXpressoIDE_11.3.0_5222\workspace\lpc_chip_8xx\Debug\liblpc_chip_8xx.a(clock_8xx.o)
 .text.Chip_SYSCTL_PeriphReset
                0x000008e4       0x28 C:\Users\krystian.kucharski\Documents\MCUXpressoIDE_11.3.0_5222\workspace\lpc_chip_8xx\Debug\liblpc_chip_8xx.a(clock_8xx.o)
 .text.Chip_Clock_SetUARTClockDiv
                0x0000090c       0x1c C:\Users\krystian.kucharski\Documents\MCUXpressoIDE_11.3.0_5222\workspace\lpc_chip_8xx\Debug\liblpc_chip_8xx.a(clock_8xx.o)
 .text.Chip_Clock_GetUARTClockDiv
                0x00000928       0x18 C:\Users\krystian.kucharski\Documents\MCUXpressoIDE_11.3.0_5222\workspace\lpc_chip_8xx\Debug\liblpc_chip_8xx.a(clock_8xx.o)
 .text.Chip_SYSCTL_SetUSARTFRGDivider
                0x00000940       0x24 C:\Users\krystian.kucharski\Documents\MCUXpressoIDE_11.3.0_5222\workspace\lpc_chip_8xx\Debug\liblpc_chip_8xx.a(clock_8xx.o)
 .text.Chip_SYSCTL_GetUSARTFRGDivider
                0x00000964       0x18 C:\Users\krystian.kucharski\Documents\MCUXpressoIDE_11.3.0_5222\workspace\lpc_chip_8xx\Debug\liblpc_chip_8xx.a(clock_8xx.o)
 .text.Chip_SYSCTL_SetUSARTFRGMultiplier
                0x0000097c       0x24 C:\Users\krystian.kucharski\Documents\MCUXpressoIDE_11.3.0_5222\workspace\lpc_chip_8xx\Debug\liblpc_chip_8xx.a(clock_8xx.o)
 .text.Chip_SYSCTL_GetUSARTFRGMultiplier
                0x000009a0       0x18 C:\Users\krystian.kucharski\Documents\MCUXpressoIDE_11.3.0_5222\workspace\lpc_chip_8xx\Debug\liblpc_chip_8xx.a(clock_8xx.o)
 .text.Chip_Clock_GetMainOscRate
                0x000009b8       0x14 C:\Users\krystian.kucharski\Documents\MCUXpressoIDE_11.3.0_5222\workspace\lpc_chip_8xx\Debug\liblpc_chip_8xx.a(clock_8xx.o)
 .text.Chip_Clock_GetIntOscRate
                0x000009cc       0x10 C:\Users\krystian.kucharski\Documents\MCUXpressoIDE_11.3.0_5222\workspace\lpc_chip_8xx\Debug\liblpc_chip_8xx.a(clock_8xx.o)
 .text.Chip_Clock_GetExtClockInRate
                0x000009dc       0x14 C:\Users\krystian.kucharski\Documents\MCUXpressoIDE_11.3.0_5222\workspace\lpc_chip_8xx\Debug\liblpc_chip_8xx.a(clock_8xx.o)
 .text.Chip_Clock_GetWDTLFORate
                0x000009f0       0x48 C:\Users\krystian.kucharski\Documents\MCUXpressoIDE_11.3.0_5222\workspace\lpc_chip_8xx\Debug\liblpc_chip_8xx.a(clock_8xx.o)
 .text.Chip_Clock_GetPLLFreq
                0x00000a38       0x22 C:\Users\krystian.kucharski\Documents\MCUXpressoIDE_11.3.0_5222\workspace\lpc_chip_8xx\Debug\liblpc_chip_8xx.a(clock_8xx.o)
 *fill*         0x00000a5a        0x2 ff
 .text.Chip_Clock_SetSystemPLLSource
                0x00000a5c       0x2c C:\Users\krystian.kucharski\Documents\MCUXpressoIDE_11.3.0_5222\workspace\lpc_chip_8xx\Debug\liblpc_chip_8xx.a(clock_8xx.o)
                0x00000a5c                Chip_Clock_SetSystemPLLSource
 .text.Chip_Clock_SetMainClockSource
                0x00000a88       0x2c C:\Users\krystian.kucharski\Documents\MCUXpressoIDE_11.3.0_5222\workspace\lpc_chip_8xx\Debug\liblpc_chip_8xx.a(clock_8xx.o)
                0x00000a88                Chip_Clock_SetMainClockSource
 .text.Chip_Clock_SetCLKOUTSource
                0x00000ab4       0x3c C:\Users\krystian.kucharski\Documents\MCUXpressoIDE_11.3.0_5222\workspace\lpc_chip_8xx\Debug\liblpc_chip_8xx.a(clock_8xx.o)
                0x00000ab4                Chip_Clock_SetCLKOUTSource
 .text.Chip_Clock_GetWDTOSCRate
                0x00000af0       0x20 C:\Users\krystian.kucharski\Documents\MCUXpressoIDE_11.3.0_5222\workspace\lpc_chip_8xx\Debug\liblpc_chip_8xx.a(clock_8xx.o)
                0x00000af0                Chip_Clock_GetWDTOSCRate
 .text.Chip_Clock_GetSystemPLLInClockRate
                0x00000b10       0x54 C:\Users\krystian.kucharski\Documents\MCUXpressoIDE_11.3.0_5222\workspace\lpc_chip_8xx\Debug\liblpc_chip_8xx.a(clock_8xx.o)
                0x00000b10                Chip_Clock_GetSystemPLLInClockRate
 .text.Chip_Clock_GetSystemPLLOutClockRate
                0x00000b64       0x28 C:\Users\krystian.kucharski\Documents\MCUXpressoIDE_11.3.0_5222\workspace\lpc_chip_8xx\Debug\liblpc_chip_8xx.a(clock_8xx.o)
                0x00000b64                Chip_Clock_GetSystemPLLOutClockRate
 .text.Chip_Clock_GetMainClockRate
                0x00000b8c       0x64 C:\Users\krystian.kucharski\Documents\MCUXpressoIDE_11.3.0_5222\workspace\lpc_chip_8xx\Debug\liblpc_chip_8xx.a(clock_8xx.o)
                0x00000b8c                Chip_Clock_GetMainClockRate
 .text.Chip_Clock_GetSystemClockRate
                0x00000bf0       0x24 C:\Users\krystian.kucharski\Documents\MCUXpressoIDE_11.3.0_5222\workspace\lpc_chip_8xx\Debug\liblpc_chip_8xx.a(clock_8xx.o)
                0x00000bf0                Chip_Clock_GetSystemClockRate
 .text.Chip_Clock_GetUSARTNBaseClockRate
                0x00000c14       0x82 C:\Users\krystian.kucharski\Documents\MCUXpressoIDE_11.3.0_5222\workspace\lpc_chip_8xx\Debug\liblpc_chip_8xx.a(clock_8xx.o)
                0x00000c14                Chip_Clock_GetUSARTNBaseClockRate
 .text.Chip_Clock_SetUSARTNBaseClockRate
                0x00000c96       0x82 C:\Users\krystian.kucharski\Documents\MCUXpressoIDE_11.3.0_5222\workspace\lpc_chip_8xx\Debug\liblpc_chip_8xx.a(clock_8xx.o)
                0x00000c96                Chip_Clock_SetUSARTNBaseClockRate
 .text.Chip_Clock_EnablePeriphClock
                0x00000d18       0x38 C:\Users\krystian.kucharski\Documents\MCUXpressoIDE_11.3.0_5222\workspace\lpc_chip_8xx\Debug\liblpc_chip_8xx.a(gpio_8xx.o)
 .text.Chip_GPIO_Init
                0x00000d50       0x16 C:\Users\krystian.kucharski\Documents\MCUXpressoIDE_11.3.0_5222\workspace\lpc_chip_8xx\Debug\liblpc_chip_8xx.a(gpio_8xx.o)
                0x00000d50                Chip_GPIO_Init
 *fill*         0x00000d66        0x2 ff
 .text.Chip_SWM_MovablePinAssign
                0x00000d68       0x64 C:\Users\krystian.kucharski\Documents\MCUXpressoIDE_11.3.0_5222\workspace\lpc_chip_8xx\Debug\liblpc_chip_8xx.a(swm_8xx.o)
                0x00000d68                Chip_SWM_MovablePinAssign
 .text.Chip_SetupIrcClocking
                0x00000dcc       0x20 C:\Users\krystian.kucharski\Documents\MCUXpressoIDE_11.3.0_5222\workspace\lpc_chip_8xx\Debug\liblpc_chip_8xx.a(sysinit_8xx.o)
                0x00000dcc                Chip_SetupIrcClocking
 .text.Chip_SYSCTL_AssertPeriphReset
                0x00000dec       0x38 C:\Users\krystian.kucharski\Documents\MCUXpressoIDE_11.3.0_5222\workspace\lpc_chip_8xx\Debug\liblpc_chip_8xx.a(uart_8xx.o)
 .text.Chip_SYSCTL_DeassertPeriphReset
                0x00000e24       0x34 C:\Users\krystian.kucharski\Documents\MCUXpressoIDE_11.3.0_5222\workspace\lpc_chip_8xx\Debug\liblpc_chip_8xx.a(uart_8xx.o)
 .text.Chip_SYSCTL_PeriphReset
                0x00000e58       0x28 C:\Users\krystian.kucharski\Documents\MCUXpressoIDE_11.3.0_5222\workspace\lpc_chip_8xx\Debug\liblpc_chip_8xx.a(uart_8xx.o)
 .text.Chip_Clock_EnablePeriphClock
                0x00000e80       0x38 C:\Users\krystian.kucharski\Documents\MCUXpressoIDE_11.3.0_5222\workspace\lpc_chip_8xx\Debug\liblpc_chip_8xx.a(uart_8xx.o)
 .text.getUARTClockID
                0x00000eb8       0x34 C:\Users\krystian.kucharski\Documents\MCUXpressoIDE_11.3.0_5222\workspace\lpc_chip_8xx\Debug\liblpc_chip_8xx.a(uart_8xx.o)
 .text.Chip_UART_Init
                0x00000eec       0x50 C:\Users\krystian.kucharski\Documents\MCUXpressoIDE_11.3.0_5222\workspace\lpc_chip_8xx\Debug\liblpc_chip_8xx.a(uart_8xx.o)
                0x00000eec                Chip_UART_Init
 .text.Chip_UART_SetBaud
                0x00000f3c       0x30 C:\Users\krystian.kucharski\Documents\MCUXpressoIDE_11.3.0_5222\workspace\lpc_chip_8xx\Debug\liblpc_chip_8xx.a(uart_8xx.o)
                0x00000f3c                Chip_UART_SetBaud
 .text.Chip_Clock_SetupSystemPLL
                0x00000f6c       0x38 C:\Users\krystian.kucharski\Documents\MCUXpressoIDE_11.3.0_5222\workspace\lpc_chip_8xx\Debug\liblpc_chip_8xx.a(irc_8xx.o)
 .text.Chip_Clock_IsSystemPLLLocked
                0x00000fa4       0x1c C:\Users\krystian.kucharski\Documents\MCUXpressoIDE_11.3.0_5222\workspace\lpc_chip_8xx\Debug\liblpc_chip_8xx.a(irc_8xx.o)
 .text.Chip_Clock_SetSysClockDiv
                0x00000fc0       0x1c C:\Users\krystian.kucharski\Documents\MCUXpressoIDE_11.3.0_5222\workspace\lpc_chip_8xx\Debug\liblpc_chip_8xx.a(irc_8xx.o)
 .text.Chip_FMC_SetFLASHAccess
                0x00000fdc       0x2c C:\Users\krystian.kucharski\Documents\MCUXpressoIDE_11.3.0_5222\workspace\lpc_chip_8xx\Debug\liblpc_chip_8xx.a(irc_8xx.o)
 .text.pll_config
                0x00001008       0x6c C:\Users\krystian.kucharski\Documents\MCUXpressoIDE_11.3.0_5222\workspace\lpc_chip_8xx\Debug\liblpc_chip_8xx.a(irc_8xx.o)
 .text.Chip_IRC_SetFreq
                0x00001074       0xf0 C:\Users\krystian.kucharski\Documents\MCUXpressoIDE_11.3.0_5222\workspace\lpc_chip_8xx\Debug\liblpc_chip_8xx.a(irc_8xx.o)
                0x00001074                Chip_IRC_SetFreq
 .text.Chip_SYSCTL_PowerDown
                0x00001164       0x44 C:\Users\krystian.kucharski\Documents\MCUXpressoIDE_11.3.0_5222\workspace\lpc_chip_8xx\Debug\liblpc_chip_8xx.a(syscon_8xx.o)
                0x00001164                Chip_SYSCTL_PowerDown
 .text.Chip_SYSCTL_PowerUp
                0x000011a8       0x48 C:\Users\krystian.kucharski\Documents\MCUXpressoIDE_11.3.0_5222\workspace\lpc_chip_8xx\Debug\liblpc_chip_8xx.a(syscon_8xx.o)
                0x000011a8                Chip_SYSCTL_PowerUp
 .text          0x000011f0      0x114 c:/nxp/mcuxpressoide_11.3.0_5222/ide/plugins/com.nxp.mcuxpresso.tools.win32_11.3.0.202008311133/tools/bin/../lib/gcc/arm-none-eabi/9.3.1/thumb/v6-m/nofp\libgcc.a(_udivsi3.o)
                0x000011f0                __aeabi_uidiv
                0x000011f0                __udivsi3
                0x000012fc                __aeabi_uidivmod
 .text          0x00001304      0x1d4 c:/nxp/mcuxpressoide_11.3.0_5222/ide/plugins/com.nxp.mcuxpresso.tools.win32_11.3.0.202008311133/tools/bin/../lib/gcc/arm-none-eabi/9.3.1/thumb/v6-m/nofp\libgcc.a(_divsi3.o)
                0x00001304                __divsi3
                0x00001304                __aeabi_idiv
                0x000014d0                __aeabi_idivmod
 .text          0x000014d8        0x4 c:/nxp/mcuxpressoide_11.3.0_5222/ide/plugins/com.nxp.mcuxpresso.tools.win32_11.3.0.202008311133/tools/bin/../lib/gcc/arm-none-eabi/9.3.1/thumb/v6-m/nofp\libgcc.a(_dvmd_tls.o)
                0x000014d8                __aeabi_idiv0
                0x000014d8                __aeabi_ldiv0
 .text          0x000014dc       0x40 c:/nxp/mcuxpressoide_11.3.0_5222/ide/plugins/com.nxp.mcuxpresso.tools.win32_11.3.0.202008311133/tools/bin/../lib/gcc/arm-none-eabi/9.3.1/thumb/v6-m/nofp\libgcc.a(_aeabi_uldivmod.o)
                0x000014dc                __aeabi_uldivmod
 .text          0x0000151c      0x198 c:/nxp/mcuxpressoide_11.3.0_5222/ide/plugins/com.nxp.mcuxpresso.tools.win32_11.3.0.202008311133/tools/bin/../lib/gcc/arm-none-eabi/9.3.1/thumb/v6-m/nofp\libgcc.a(_udivmoddi4.o)
                0x0000151c                __udivmoddi4
 .text          0x000016b4       0x18 c:/nxp/mcuxpressoide_11.3.0_5222/ide/plugins/com.nxp.mcuxpresso.tools.win32_11.3.0.202008311133/tools/bin/../lib/gcc/arm-none-eabi/9.3.1/thumb/v6-m/nofp\libgcc.a(_clzdi2.o)
                0x000016b4                __clzdi2
 .text          0x000016cc       0x3c c:/nxp/mcuxpressoide_11.3.0_5222/ide/plugins/com.nxp.mcuxpresso.tools.win32_11.3.0.202008311133/tools/bin/../lib/gcc/arm-none-eabi/9.3.1/thumb/v6-m/nofp\libgcc.a(_clzsi2.o)
                0x000016cc                __clzsi2
 .text.__libc_init_array
                0x00001708       0x44 c:/nxp/mcuxpressoide_11.3.0_5222/ide/plugins/com.nxp.mcuxpresso.tools.win32_11.3.0.202008311133/tools/bin/../lib/gcc/arm-none-eabi/9.3.1/../../../../arm-none-eabi/lib/thumb/v6-m/nofp\libc.a(lib_a-init.o)
                0x00001708                __libc_init_array
 .text._malloc_r
                0x0000174c      0x580 c:/nxp/mcuxpressoide_11.3.0_5222/ide/plugins/com.nxp.mcuxpresso.tools.win32_11.3.0.202008311133/tools/bin/../lib/gcc/arm-none-eabi/9.3.1/../../../../arm-none-eabi/lib/thumb/v6-m/nofp\libc.a(lib_a-mallocr.o)
                0x0000174c                _malloc_r
 .text.memcpy   0x00001ccc       0xa4 c:/nxp/mcuxpressoide_11.3.0_5222/ide/plugins/com.nxp.mcuxpresso.tools.win32_11.3.0.202008311133/tools/bin/../lib/gcc/arm-none-eabi/9.3.1/../../../../arm-none-eabi/lib/thumb/v6-m/nofp\libc.a(lib_a-memcpy-stub.o)
                0x00001ccc                memcpy
 .text.__malloc_lock
                0x00001d70       0x10 c:/nxp/mcuxpressoide_11.3.0_5222/ide/plugins/com.nxp.mcuxpresso.tools.win32_11.3.0.202008311133/tools/bin/../lib/gcc/arm-none-eabi/9.3.1/../../../../arm-none-eabi/lib/thumb/v6-m/nofp\libc.a(lib_a-mlock.o)
                0x00001d70                __malloc_lock
 .text.__malloc_unlock
                0x00001d80       0x10 c:/nxp/mcuxpressoide_11.3.0_5222/ide/plugins/com.nxp.mcuxpresso.tools.win32_11.3.0.202008311133/tools/bin/../lib/gcc/arm-none-eabi/9.3.1/../../../../arm-none-eabi/lib/thumb/v6-m/nofp\libc.a(lib_a-mlock.o)
                0x00001d80                __malloc_unlock
 .text.printf   0x00001d90       0x24 c:/nxp/mcuxpressoide_11.3.0_5222/ide/plugins/com.nxp.mcuxpresso.tools.win32_11.3.0.202008311133/tools/bin/../lib/gcc/arm-none-eabi/9.3.1/../../../../arm-none-eabi/lib/thumb/v6-m/nofp\libc.a(lib_a-printf.o)
                0x00001d90                printf
 .text._sbrk_r  0x00001db4       0x24 c:/nxp/mcuxpressoide_11.3.0_5222/ide/plugins/com.nxp.mcuxpresso.tools.win32_11.3.0.202008311133/tools/bin/../lib/gcc/arm-none-eabi/9.3.1/../../../../arm-none-eabi/lib/thumb/v6-m/nofp\libc.a(lib_a-sbrkr.o)
                0x00001db4                _sbrk_r
 .text._vfprintf_r
                0x00001dd8     0x1c6c c:/nxp/mcuxpressoide_11.3.0_5222/ide/plugins/com.nxp.mcuxpresso.tools.win32_11.3.0.202008311133/tools/bin/../lib/gcc/arm-none-eabi/9.3.1/../../../../arm-none-eabi/lib/thumb/v6-m/nofp\libc.a(lib_a-vfprintf.o)
                0x00001dd8                _vfprintf_r
 .text.__sbprintf
                0x00003a44       0x8c c:/nxp/mcuxpressoide_11.3.0_5222/ide/plugins/com.nxp.mcuxpresso.tools.win32_11.3.0.202008311133/tools/bin/../lib/gcc/arm-none-eabi/9.3.1/../../../../arm-none-eabi/lib/thumb/v6-m/nofp\libc.a(lib_a-vfprintf.o)
 .text.__swsetup_r
                0x00003ad0       0xd4 c:/nxp/mcuxpressoide_11.3.0_5222/ide/plugins/com.nxp.mcuxpresso.tools.win32_11.3.0.202008311133/tools/bin/../lib/gcc/arm-none-eabi/9.3.1/../../../../arm-none-eabi/lib/thumb/v6-m/nofp\libc.a(lib_a-wsetup.o)
                0x00003ad0                __swsetup_r
 .text.quorem   0x00003ba4      0x148 c:/nxp/mcuxpressoide_11.3.0_5222/ide/plugins/com.nxp.mcuxpresso.tools.win32_11.3.0.202008311133/tools/bin/../lib/gcc/arm-none-eabi/9.3.1/../../../../arm-none-eabi/lib/thumb/v6-m/nofp\libc.a(lib_a-dtoa.o)
 .text._dtoa_r  0x00003cec      0xfe0 c:/nxp/mcuxpressoide_11.3.0_5222/ide/plugins/com.nxp.mcuxpresso.tools.win32_11.3.0.202008311133/tools/bin/../lib/gcc/arm-none-eabi/9.3.1/../../../../arm-none-eabi/lib/thumb/v6-m/nofp\libc.a(lib_a-dtoa.o)
                0x00003cec                _dtoa_r
 .text.__sflush_r
                0x00004ccc      0x140 c:/nxp/mcuxpressoide_11.3.0_5222/ide/plugins/com.nxp.mcuxpresso.tools.win32_11.3.0.202008311133/tools/bin/../lib/gcc/arm-none-eabi/9.3.1/../../../../arm-none-eabi/lib/thumb/v6-m/nofp\libc.a(lib_a-fflush.o)
                0x00004ccc                __sflush_r
 .text._fflush_r
                0x00004e0c       0x6c c:/nxp/mcuxpressoide_11.3.0_5222/ide/plugins/com.nxp.mcuxpresso.tools.win32_11.3.0.202008311133/tools/bin/../lib/gcc/arm-none-eabi/9.3.1/../../../../arm-none-eabi/lib/thumb/v6-m/nofp\libc.a(lib_a-fflush.o)
                0x00004e0c                _fflush_r
 .text.std      0x00004e78       0x50 c:/nxp/mcuxpressoide_11.3.0_5222/ide/plugins/com.nxp.mcuxpresso.tools.win32_11.3.0.202008311133/tools/bin/../lib/gcc/arm-none-eabi/9.3.1/../../../../arm-none-eabi/lib/thumb/v6-m/nofp\libc.a(lib_a-findfp.o)
 .text._cleanup_r
                0x00004ec8       0x10 c:/nxp/mcuxpressoide_11.3.0_5222/ide/plugins/com.nxp.mcuxpresso.tools.win32_11.3.0.202008311133/tools/bin/../lib/gcc/arm-none-eabi/9.3.1/../../../../arm-none-eabi/lib/thumb/v6-m/nofp\libc.a(lib_a-findfp.o)
                0x00004ec8                _cleanup_r
 .text.__sinit  0x00004ed8       0x60 c:/nxp/mcuxpressoide_11.3.0_5222/ide/plugins/com.nxp.mcuxpresso.tools.win32_11.3.0.202008311133/tools/bin/../lib/gcc/arm-none-eabi/9.3.1/../../../../arm-none-eabi/lib/thumb/v6-m/nofp\libc.a(lib_a-findfp.o)
                0x00004ed8                __sinit
 .text.__sfp_lock_acquire
                0x00004f38       0x10 c:/nxp/mcuxpressoide_11.3.0_5222/ide/plugins/com.nxp.mcuxpresso.tools.win32_11.3.0.202008311133/tools/bin/../lib/gcc/arm-none-eabi/9.3.1/../../../../arm-none-eabi/lib/thumb/v6-m/nofp\libc.a(lib_a-findfp.o)
                0x00004f38                __sfp_lock_acquire
 .text.__sfp_lock_release
                0x00004f48       0x10 c:/nxp/mcuxpressoide_11.3.0_5222/ide/plugins/com.nxp.mcuxpresso.tools.win32_11.3.0.202008311133/tools/bin/../lib/gcc/arm-none-eabi/9.3.1/../../../../arm-none-eabi/lib/thumb/v6-m/nofp\libc.a(lib_a-findfp.o)
                0x00004f48                __sfp_lock_release
 .text._malloc_trim_r
                0x00004f58       0x9c c:/nxp/mcuxpressoide_11.3.0_5222/ide/plugins/com.nxp.mcuxpresso.tools.win32_11.3.0.202008311133/tools/bin/../lib/gcc/arm-none-eabi/9.3.1/../../../../arm-none-eabi/lib/thumb/v6-m/nofp\libc.a(lib_a-freer.o)
                0x00004f58                _malloc_trim_r
 .text._free_r  0x00004ff4      0x1c4 c:/nxp/mcuxpressoide_11.3.0_5222/ide/plugins/com.nxp.mcuxpresso.tools.win32_11.3.0.202008311133/tools/bin/../lib/gcc/arm-none-eabi/9.3.1/../../../../arm-none-eabi/lib/thumb/v6-m/nofp\libc.a(lib_a-freer.o)
                0x00004ff4                _free_r
 .text._fwalk_reent
                0x000051b8       0x48 c:/nxp/mcuxpressoide_11.3.0_5222/ide/plugins/com.nxp.mcuxpresso.tools.win32_11.3.0.202008311133/tools/bin/../lib/gcc/arm-none-eabi/9.3.1/../../../../arm-none-eabi/lib/thumb/v6-m/nofp\libc.a(lib_a-fwalk.o)
                0x000051b8                _fwalk_reent
 .text._localeconv_r
                0x00005200        0x8 c:/nxp/mcuxpressoide_11.3.0_5222/ide/plugins/com.nxp.mcuxpresso.tools.win32_11.3.0.202008311133/tools/bin/../lib/gcc/arm-none-eabi/9.3.1/../../../../arm-none-eabi/lib/thumb/v6-m/nofp\libc.a(lib_a-localeconv.o)
                0x00005200                _localeconv_r
 .text.__retarget_lock_init_recursive
                0x00005208        0x4 c:/nxp/mcuxpressoide_11.3.0_5222/ide/plugins/com.nxp.mcuxpresso.tools.win32_11.3.0.202008311133/tools/bin/../lib/gcc/arm-none-eabi/9.3.1/../../../../arm-none-eabi/lib/thumb/v6-m/nofp\libc.a(lib_a-lock.o)
                0x00005208                __retarget_lock_init_recursive
 .text.__retarget_lock_close_recursive
                0x0000520c        0x4 c:/nxp/mcuxpressoide_11.3.0_5222/ide/plugins/com.nxp.mcuxpresso.tools.win32_11.3.0.202008311133/tools/bin/../lib/gcc/arm-none-eabi/9.3.1/../../../../arm-none-eabi/lib/thumb/v6-m/nofp\libc.a(lib_a-lock.o)
                0x0000520c                __retarget_lock_close_recursive
 .text.__retarget_lock_acquire_recursive
                0x00005210        0x4 c:/nxp/mcuxpressoide_11.3.0_5222/ide/plugins/com.nxp.mcuxpresso.tools.win32_11.3.0.202008311133/tools/bin/../lib/gcc/arm-none-eabi/9.3.1/../../../../arm-none-eabi/lib/thumb/v6-m/nofp\libc.a(lib_a-lock.o)
                0x00005210                __retarget_lock_acquire_recursive
 .text.__retarget_lock_release_recursive
                0x00005214        0x4 c:/nxp/mcuxpressoide_11.3.0_5222/ide/plugins/com.nxp.mcuxpresso.tools.win32_11.3.0.202008311133/tools/bin/../lib/gcc/arm-none-eabi/9.3.1/../../../../arm-none-eabi/lib/thumb/v6-m/nofp\libc.a(lib_a-lock.o)
                0x00005214                __retarget_lock_release_recursive
 .text.__swhatbuf_r
                0x00005218       0x60 c:/nxp/mcuxpressoide_11.3.0_5222/ide/plugins/com.nxp.mcuxpresso.tools.win32_11.3.0.202008311133/tools/bin/../lib/gcc/arm-none-eabi/9.3.1/../../../../arm-none-eabi/lib/thumb/v6-m/nofp\libc.a(lib_a-makebuf.o)
                0x00005218                __swhatbuf_r
 .text.__smakebuf_r
                0x00005278       0x90 c:/nxp/mcuxpressoide_11.3.0_5222/ide/plugins/com.nxp.mcuxpresso.tools.win32_11.3.0.202008311133/tools/bin/../lib/gcc/arm-none-eabi/9.3.1/../../../../arm-none-eabi/lib/thumb/v6-m/nofp\libc.a(lib_a-makebuf.o)
                0x00005278                __smakebuf_r
 .text.memchr   0x00005308       0x74 c:/nxp/mcuxpressoide_11.3.0_5222/ide/plugins/com.nxp.mcuxpresso.tools.win32_11.3.0.202008311133/tools/bin/../lib/gcc/arm-none-eabi/9.3.1/../../../../arm-none-eabi/lib/thumb/v6-m/nofp\libc.a(lib_a-memchr-stub.o)
                0x00005308                memchr
 .text.memset   0x0000537c       0xa8 c:/nxp/mcuxpressoide_11.3.0_5222/ide/plugins/com.nxp.mcuxpresso.tools.win32_11.3.0.202008311133/tools/bin/../lib/gcc/arm-none-eabi/9.3.1/../../../../arm-none-eabi/lib/thumb/v6-m/nofp\libc.a(lib_a-memset.o)
                0x0000537c                memset
 .text._Balloc  0x00005424       0x50 c:/nxp/mcuxpressoide_11.3.0_5222/ide/plugins/com.nxp.mcuxpresso.tools.win32_11.3.0.202008311133/tools/bin/../lib/gcc/arm-none-eabi/9.3.1/../../../../arm-none-eabi/lib/thumb/v6-m/nofp\libc.a(lib_a-mprec.o)
                0x00005424                _Balloc
 .text._Bfree   0x00005474       0x14 c:/nxp/mcuxpressoide_11.3.0_5222/ide/plugins/com.nxp.mcuxpresso.tools.win32_11.3.0.202008311133/tools/bin/../lib/gcc/arm-none-eabi/9.3.1/../../../../arm-none-eabi/lib/thumb/v6-m/nofp\libc.a(lib_a-mprec.o)
                0x00005474                _Bfree
 .text.__multadd
                0x00005488       0xa8 c:/nxp/mcuxpressoide_11.3.0_5222/ide/plugins/com.nxp.mcuxpresso.tools.win32_11.3.0.202008311133/tools/bin/../lib/gcc/arm-none-eabi/9.3.1/../../../../arm-none-eabi/lib/thumb/v6-m/nofp\libc.a(lib_a-mprec.o)
                0x00005488                __multadd
 .text.__hi0bits
                0x00005530       0x38 c:/nxp/mcuxpressoide_11.3.0_5222/ide/plugins/com.nxp.mcuxpresso.tools.win32_11.3.0.202008311133/tools/bin/../lib/gcc/arm-none-eabi/9.3.1/../../../../arm-none-eabi/lib/thumb/v6-m/nofp\libc.a(lib_a-mprec.o)
                0x00005530                __hi0bits
 .text.__lo0bits
                0x00005568       0x5c c:/nxp/mcuxpressoide_11.3.0_5222/ide/plugins/com.nxp.mcuxpresso.tools.win32_11.3.0.202008311133/tools/bin/../lib/gcc/arm-none-eabi/9.3.1/../../../../arm-none-eabi/lib/thumb/v6-m/nofp\libc.a(lib_a-mprec.o)
                0x00005568                __lo0bits
 .text.__i2b    0x000055c4       0x2c c:/nxp/mcuxpressoide_11.3.0_5222/ide/plugins/com.nxp.mcuxpresso.tools.win32_11.3.0.202008311133/tools/bin/../lib/gcc/arm-none-eabi/9.3.1/../../../../arm-none-eabi/lib/thumb/v6-m/nofp\libc.a(lib_a-mprec.o)
                0x000055c4                __i2b
 .text.__multiply
                0x000055f0      0x1b0 c:/nxp/mcuxpressoide_11.3.0_5222/ide/plugins/com.nxp.mcuxpresso.tools.win32_11.3.0.202008311133/tools/bin/../lib/gcc/arm-none-eabi/9.3.1/../../../../arm-none-eabi/lib/thumb/v6-m/nofp\libc.a(lib_a-mprec.o)
                0x000055f0                __multiply
 .text.__pow5mult
                0x000057a0       0xb8 c:/nxp/mcuxpressoide_11.3.0_5222/ide/plugins/com.nxp.mcuxpresso.tools.win32_11.3.0.202008311133/tools/bin/../lib/gcc/arm-none-eabi/9.3.1/../../../../arm-none-eabi/lib/thumb/v6-m/nofp\libc.a(lib_a-mprec.o)
                0x000057a0                __pow5mult
 .text.__lshift
                0x00005858       0xfc c:/nxp/mcuxpressoide_11.3.0_5222/ide/plugins/com.nxp.mcuxpresso.tools.win32_11.3.0.202008311133/tools/bin/../lib/gcc/arm-none-eabi/9.3.1/../../../../arm-none-eabi/lib/thumb/v6-m/nofp\libc.a(lib_a-mprec.o)
                0x00005858                __lshift
 .text.__mcmp   0x00005954       0x38 c:/nxp/mcuxpressoide_11.3.0_5222/ide/plugins/com.nxp.mcuxpresso.tools.win32_11.3.0.202008311133/tools/bin/../lib/gcc/arm-none-eabi/9.3.1/../../../../arm-none-eabi/lib/thumb/v6-m/nofp\libc.a(lib_a-mprec.o)
                0x00005954                __mcmp
 .text.__mdiff  0x0000598c      0x194 c:/nxp/mcuxpressoide_11.3.0_5222/ide/plugins/com.nxp.mcuxpresso.tools.win32_11.3.0.202008311133/tools/bin/../lib/gcc/arm-none-eabi/9.3.1/../../../../arm-none-eabi/lib/thumb/v6-m/nofp\libc.a(lib_a-mprec.o)
                0x0000598c                __mdiff
 .text.__d2b    0x00005b20       0xd8 c:/nxp/mcuxpressoide_11.3.0_5222/ide/plugins/com.nxp.mcuxpresso.tools.win32_11.3.0.202008311133/tools/bin/../lib/gcc/arm-none-eabi/9.3.1/../../../../arm-none-eabi/lib/thumb/v6-m/nofp\libc.a(lib_a-mprec.o)
                0x00005b20                __d2b
 .text.frexp    0x00005bf8       0x64 c:/nxp/mcuxpressoide_11.3.0_5222/ide/plugins/com.nxp.mcuxpresso.tools.win32_11.3.0.202008311133/tools/bin/../lib/gcc/arm-none-eabi/9.3.1/../../../../arm-none-eabi/lib/thumb/v6-m/nofp\libc.a(lib_a-s_frexp.o)
                0x00005bf8                frexp
 .text.__sread  0x00005c5c       0x28 c:/nxp/mcuxpressoide_11.3.0_5222/ide/plugins/com.nxp.mcuxpresso.tools.win32_11.3.0.202008311133/tools/bin/../lib/gcc/arm-none-eabi/9.3.1/../../../../arm-none-eabi/lib/thumb/v6-m/nofp\libc.a(lib_a-stdio.o)
                0x00005c5c                __sread
 .text.__swrite
                0x00005c84       0x40 c:/nxp/mcuxpressoide_11.3.0_5222/ide/plugins/com.nxp.mcuxpresso.tools.win32_11.3.0.202008311133/tools/bin/../lib/gcc/arm-none-eabi/9.3.1/../../../../arm-none-eabi/lib/thumb/v6-m/nofp\libc.a(lib_a-stdio.o)
                0x00005c84                __swrite
 .text.__sseek  0x00005cc4       0x2c c:/nxp/mcuxpressoide_11.3.0_5222/ide/plugins/com.nxp.mcuxpresso.tools.win32_11.3.0.202008311133/tools/bin/../lib/gcc/arm-none-eabi/9.3.1/../../../../arm-none-eabi/lib/thumb/v6-m/nofp\libc.a(lib_a-stdio.o)
                0x00005cc4                __sseek
 .text.__sclose
                0x00005cf0        0xc c:/nxp/mcuxpressoide_11.3.0_5222/ide/plugins/com.nxp.mcuxpresso.tools.win32_11.3.0.202008311133/tools/bin/../lib/gcc/arm-none-eabi/9.3.1/../../../../arm-none-eabi/lib/thumb/v6-m/nofp\libc.a(lib_a-stdio.o)
                0x00005cf0                __sclose
 .text.strlen   0x00005cfc       0x5c c:/nxp/mcuxpressoide_11.3.0_5222/ide/plugins/com.nxp.mcuxpresso.tools.win32_11.3.0.202008311133/tools/bin/../lib/gcc/arm-none-eabi/9.3.1/../../../../arm-none-eabi/lib/thumb/v6-m/nofp\libc.a(lib_a-strlen-stub.o)
                0x00005cfc                strlen
 .text.strncpy  0x00005d58       0x6c c:/nxp/mcuxpressoide_11.3.0_5222/ide/plugins/com.nxp.mcuxpresso.tools.win32_11.3.0.202008311133/tools/bin/../lib/gcc/arm-none-eabi/9.3.1/../../../../arm-none-eabi/lib/thumb/v6-m/nofp\libc.a(lib_a-strncpy.o)
                0x00005d58                strncpy
 .text.__sprint_r.part.0
                0x00005dc4       0x88 c:/nxp/mcuxpressoide_11.3.0_5222/ide/plugins/com.nxp.mcuxpresso.tools.win32_11.3.0.202008311133/tools/bin/../lib/gcc/arm-none-eabi/9.3.1/../../../../arm-none-eabi/lib/thumb/v6-m/nofp\libc.a(lib_a-vfiprintf.o)
 .text.__sprint_r
                0x00005e4c       0x14 c:/nxp/mcuxpressoide_11.3.0_5222/ide/plugins/com.nxp.mcuxpresso.tools.win32_11.3.0.202008311133/tools/bin/../lib/gcc/arm-none-eabi/9.3.1/../../../../arm-none-eabi/lib/thumb/v6-m/nofp\libc.a(lib_a-vfiprintf.o)
                0x00005e4c                __sprint_r
 .text._vfiprintf_r
                0x00005e60      0xdb8 c:/nxp/mcuxpressoide_11.3.0_5222/ide/plugins/com.nxp.mcuxpresso.tools.win32_11.3.0.202008311133/tools/bin/../lib/gcc/arm-none-eabi/9.3.1/../../../../arm-none-eabi/lib/thumb/v6-m/nofp\libc.a(lib_a-vfiprintf.o)
                0x00005e60                _vfiprintf_r
 .text.__sbprintf
                0x00006c18       0x8c c:/nxp/mcuxpressoide_11.3.0_5222/ide/plugins/com.nxp.mcuxpresso.tools.win32_11.3.0.202008311133/tools/bin/../lib/gcc/arm-none-eabi/9.3.1/../../../../arm-none-eabi/lib/thumb/v6-m/nofp\libc.a(lib_a-vfiprintf.o)
 .text._write_r
                0x00006ca4       0x28 c:/nxp/mcuxpressoide_11.3.0_5222/ide/plugins/com.nxp.mcuxpresso.tools.win32_11.3.0.202008311133/tools/bin/../lib/gcc/arm-none-eabi/9.3.1/../../../../arm-none-eabi/lib/thumb/v6-m/nofp\libc.a(lib_a-writer.o)
                0x00006ca4                _write_r
 .text.__assert_func
                0x00006ccc       0x40 c:/nxp/mcuxpressoide_11.3.0_5222/ide/plugins/com.nxp.mcuxpresso.tools.win32_11.3.0.202008311133/tools/bin/../lib/gcc/arm-none-eabi/9.3.1/../../../../arm-none-eabi/lib/thumb/v6-m/nofp\libc.a(lib_a-assert.o)
                0x00006ccc                __assert_func
 .text._calloc_r
                0x00006d0c       0x5c c:/nxp/mcuxpressoide_11.3.0_5222/ide/plugins/com.nxp.mcuxpresso.tools.win32_11.3.0.202008311133/tools/bin/../lib/gcc/arm-none-eabi/9.3.1/../../../../arm-none-eabi/lib/thumb/v6-m/nofp\libc.a(lib_a-callocr.o)
                0x00006d0c                _calloc_r
 .text._close_r
                0x00006d68       0x24 c:/nxp/mcuxpressoide_11.3.0_5222/ide/plugins/com.nxp.mcuxpresso.tools.win32_11.3.0.202008311133/tools/bin/../lib/gcc/arm-none-eabi/9.3.1/../../../../arm-none-eabi/lib/thumb/v6-m/nofp\libc.a(lib_a-closer.o)
                0x00006d68                _close_r
 .text._fclose_r
                0x00006d8c       0xdc c:/nxp/mcuxpressoide_11.3.0_5222/ide/plugins/com.nxp.mcuxpresso.tools.win32_11.3.0.202008311133/tools/bin/../lib/gcc/arm-none-eabi/9.3.1/../../../../arm-none-eabi/lib/thumb/v6-m/nofp\libc.a(lib_a-fclose.o)
                0x00006d8c                _fclose_r
 .text.fiprintf
                0x00006e68       0x24 c:/nxp/mcuxpressoide_11.3.0_5222/ide/plugins/com.nxp.mcuxpresso.tools.win32_11.3.0.202008311133/tools/bin/../lib/gcc/arm-none-eabi/9.3.1/../../../../arm-none-eabi/lib/thumb/v6-m/nofp\libc.a(lib_a-fiprintf.o)
                0x00006e68                fiprintf
 .text.__fputwc
                0x00006e8c       0x98 c:/nxp/mcuxpressoide_11.3.0_5222/ide/plugins/com.nxp.mcuxpresso.tools.win32_11.3.0.202008311133/tools/bin/../lib/gcc/arm-none-eabi/9.3.1/../../../../arm-none-eabi/lib/thumb/v6-m/nofp\libc.a(lib_a-fputwc.o)
                0x00006e8c                __fputwc
 .text._fputwc_r
                0x00006f24       0x5c c:/nxp/mcuxpressoide_11.3.0_5222/ide/plugins/com.nxp.mcuxpresso.tools.win32_11.3.0.202008311133/tools/bin/../lib/gcc/arm-none-eabi/9.3.1/../../../../arm-none-eabi/lib/thumb/v6-m/nofp\libc.a(lib_a-fputwc.o)
                0x00006f24                _fputwc_r
 .text._fstat_r
                0x00006f80       0x28 c:/nxp/mcuxpressoide_11.3.0_5222/ide/plugins/com.nxp.mcuxpresso.tools.win32_11.3.0.202008311133/tools/bin/../lib/gcc/arm-none-eabi/9.3.1/../../../../arm-none-eabi/lib/thumb/v6-m/nofp\libc.a(lib_a-fstatr.o)
                0x00006f80                _fstat_r
 .text.__sfvwrite_r
                0x00006fa8      0x2f0 c:/nxp/mcuxpressoide_11.3.0_5222/ide/plugins/com.nxp.mcuxpresso.tools.win32_11.3.0.202008311133/tools/bin/../lib/gcc/arm-none-eabi/9.3.1/../../../../arm-none-eabi/lib/thumb/v6-m/nofp\libc.a(lib_a-fvwrite.o)
                0x00006fa8                __sfvwrite_r
 .text._isatty_r
                0x00007298       0x24 c:/nxp/mcuxpressoide_11.3.0_5222/ide/plugins/com.nxp.mcuxpresso.tools.win32_11.3.0.202008311133/tools/bin/../lib/gcc/arm-none-eabi/9.3.1/../../../../arm-none-eabi/lib/thumb/v6-m/nofp\libc.a(lib_a-isattyr.o)
                0x00007298                _isatty_r
 .text.__locale_mb_cur_max
                0x000072bc       0x10 c:/nxp/mcuxpressoide_11.3.0_5222/ide/plugins/com.nxp.mcuxpresso.tools.win32_11.3.0.202008311133/tools/bin/../lib/gcc/arm-none-eabi/9.3.1/../../../../arm-none-eabi/lib/thumb/v6-m/nofp\libc.a(lib_a-locale.o)
                0x000072bc                __locale_mb_cur_max
 .text._lseek_r
                0x000072cc       0x28 c:/nxp/mcuxpressoide_11.3.0_5222/ide/plugins/com.nxp.mcuxpresso.tools.win32_11.3.0.202008311133/tools/bin/../lib/gcc/arm-none-eabi/9.3.1/../../../../arm-none-eabi/lib/thumb/v6-m/nofp\libc.a(lib_a-lseekr.o)
                0x000072cc                _lseek_r
 .text.__ascii_mbtowc
                0x000072f4       0x2c c:/nxp/mcuxpressoide_11.3.0_5222/ide/plugins/com.nxp.mcuxpresso.tools.win32_11.3.0.202008311133/tools/bin/../lib/gcc/arm-none-eabi/9.3.1/../../../../arm-none-eabi/lib/thumb/v6-m/nofp\libc.a(lib_a-mbtowc_r.o)
                0x000072f4                __ascii_mbtowc
 .text.memmove  0x00007320       0xb8 c:/nxp/mcuxpressoide_11.3.0_5222/ide/plugins/com.nxp.mcuxpresso.tools.win32_11.3.0.202008311133/tools/bin/../lib/gcc/arm-none-eabi/9.3.1/../../../../arm-none-eabi/lib/thumb/v6-m/nofp\libc.a(lib_a-memmove.o)
                0x00007320                memmove
 .text._read_r  0x000073d8       0x28 c:/nxp/mcuxpressoide_11.3.0_5222/ide/plugins/com.nxp.mcuxpresso.tools.win32_11.3.0.202008311133/tools/bin/../lib/gcc/arm-none-eabi/9.3.1/../../../../arm-none-eabi/lib/thumb/v6-m/nofp\libc.a(lib_a-readr.o)
                0x000073d8                _read_r
 .text._realloc_r
                0x00007400      0x358 c:/nxp/mcuxpressoide_11.3.0_5222/ide/plugins/com.nxp.mcuxpresso.tools.win32_11.3.0.202008311133/tools/bin/../lib/gcc/arm-none-eabi/9.3.1/../../../../arm-none-eabi/lib/thumb/v6-m/nofp\libc.a(lib_a-reallocr.o)
                0x00007400                _realloc_r
 .text.__swbuf_r
                0x00007758       0xc8 c:/nxp/mcuxpressoide_11.3.0_5222/ide/plugins/com.nxp.mcuxpresso.tools.win32_11.3.0.202008311133/tools/bin/../lib/gcc/arm-none-eabi/9.3.1/../../../../arm-none-eabi/lib/thumb/v6-m/nofp\libc.a(lib_a-wbuf.o)
                0x00007758                __swbuf_r
 .text._wcrtomb_r
                0x00007820       0x40 c:/nxp/mcuxpressoide_11.3.0_5222/ide/plugins/com.nxp.mcuxpresso.tools.win32_11.3.0.202008311133/tools/bin/../lib/gcc/arm-none-eabi/9.3.1/../../../../arm-none-eabi/lib/thumb/v6-m/nofp\libc.a(lib_a-wcrtomb.o)
                0x00007820                _wcrtomb_r
 .text.__ascii_wctomb
                0x00007860       0x1c c:/nxp/mcuxpressoide_11.3.0_5222/ide/plugins/com.nxp.mcuxpresso.tools.win32_11.3.0.202008311133/tools/bin/../lib/gcc/arm-none-eabi/9.3.1/../../../../arm-none-eabi/lib/thumb/v6-m/nofp\libc.a(lib_a-wctomb_r.o)
                0x00007860                __ascii_wctomb
 .text.abort    0x0000787c       0x10 c:/nxp/mcuxpressoide_11.3.0_5222/ide/plugins/com.nxp.mcuxpresso.tools.win32_11.3.0.202008311133/tools/bin/../lib/gcc/arm-none-eabi/9.3.1/../../../../arm-none-eabi/lib/thumb/v6-m/nofp\libc.a(lib_a-abort.o)
                0x0000787c                abort
 .text._raise_r
                0x0000788c       0x5c c:/nxp/mcuxpressoide_11.3.0_5222/ide/plugins/com.nxp.mcuxpresso.tools.win32_11.3.0.202008311133/tools/bin/../lib/gcc/arm-none-eabi/9.3.1/../../../../arm-none-eabi/lib/thumb/v6-m/nofp\libc.a(lib_a-signal.o)
                0x0000788c                _raise_r
 .text.raise    0x000078e8       0x14 c:/nxp/mcuxpressoide_11.3.0_5222/ide/plugins/com.nxp.mcuxpresso.tools.win32_11.3.0.202008311133/tools/bin/../lib/gcc/arm-none-eabi/9.3.1/../../../../arm-none-eabi/lib/thumb/v6-m/nofp\libc.a(lib_a-signal.o)
                0x000078e8                raise
 .text._kill_r  0x000078fc       0x28 c:/nxp/mcuxpressoide_11.3.0_5222/ide/plugins/com.nxp.mcuxpresso.tools.win32_11.3.0.202008311133/tools/bin/../lib/gcc/arm-none-eabi/9.3.1/../../../../arm-none-eabi/lib/thumb/v6-m/nofp\libc.a(lib_a-signalr.o)
                0x000078fc                _kill_r
 .text._getpid_r
                0x00007924        0x8 c:/nxp/mcuxpressoide_11.3.0_5222/ide/plugins/com.nxp.mcuxpresso.tools.win32_11.3.0.202008311133/tools/bin/../lib/gcc/arm-none-eabi/9.3.1/../../../../arm-none-eabi/lib/thumb/v6-m/nofp\libc.a(lib_a-signalr.o)
                0x00007924                _getpid_r
 .text._sbrk    0x0000792c       0x40 c:/nxp/mcuxpressoide_11.3.0_5222/ide/plugins/com.nxp.mcuxpresso.tools.win32_11.3.0.202008311133/tools/bin/../lib/gcc/arm-none-eabi/9.3.1/../../../../arm-none-eabi/lib/thumb/v6-m/nofp\libcr_newlib_nohost.a(_cr_sbrk.o)
                0x0000792c                _sbrk
 .text._exit    0x0000796c        0x2 c:/nxp/mcuxpressoide_11.3.0_5222/ide/plugins/com.nxp.mcuxpresso.tools.win32_11.3.0.202008311133/tools/bin/../lib/gcc/arm-none-eabi/9.3.1/../../../../arm-none-eabi/lib/thumb/v6-m/nofp\libcr_newlib_nohost.a(_exit.o)
                0x0000796c                _exit
 *fill*         0x0000796e        0x2 ff
 .text._close   0x00007970       0x10 c:/nxp/mcuxpressoide_11.3.0_5222/ide/plugins/com.nxp.mcuxpresso.tools.win32_11.3.0.202008311133/tools/bin/../lib/gcc/arm-none-eabi/9.3.1/../../../../arm-none-eabi/lib/thumb/v6-m/nofp\libcr_newlib_nohost.a(close.o)
                0x00007970                _close
 .text._fstat   0x00007980       0x10 c:/nxp/mcuxpressoide_11.3.0_5222/ide/plugins/com.nxp.mcuxpresso.tools.win32_11.3.0.202008311133/tools/bin/../lib/gcc/arm-none-eabi/9.3.1/../../../../arm-none-eabi/lib/thumb/v6-m/nofp\libcr_newlib_nohost.a(fstat.o)
                0x00007980                _fstat
 .text._getpid  0x00007990       0x10 c:/nxp/mcuxpressoide_11.3.0_5222/ide/plugins/com.nxp.mcuxpresso.tools.win32_11.3.0.202008311133/tools/bin/../lib/gcc/arm-none-eabi/9.3.1/../../../../arm-none-eabi/lib/thumb/v6-m/nofp\libcr_newlib_nohost.a(getpid.o)
                0x00007990                _getpid
 .text._isatty  0x000079a0       0x10 c:/nxp/mcuxpressoide_11.3.0_5222/ide/plugins/com.nxp.mcuxpresso.tools.win32_11.3.0.202008311133/tools/bin/../lib/gcc/arm-none-eabi/9.3.1/../../../../arm-none-eabi/lib/thumb/v6-m/nofp\libcr_newlib_nohost.a(isatty.o)
                0x000079a0                _isatty
 .text._kill    0x000079b0       0x10 c:/nxp/mcuxpressoide_11.3.0_5222/ide/plugins/com.nxp.mcuxpresso.tools.win32_11.3.0.202008311133/tools/bin/../lib/gcc/arm-none-eabi/9.3.1/../../../../arm-none-eabi/lib/thumb/v6-m/nofp\libcr_newlib_nohost.a(kill.o)
                0x000079b0                _kill
 .text._lseek   0x000079c0       0x10 c:/nxp/mcuxpressoide_11.3.0_5222/ide/plugins/com.nxp.mcuxpresso.tools.win32_11.3.0.202008311133/tools/bin/../lib/gcc/arm-none-eabi/9.3.1/../../../../arm-none-eabi/lib/thumb/v6-m/nofp\libcr_newlib_nohost.a(lseek.o)
                0x000079c0                _lseek
 .text._read    0x000079d0       0x10 c:/nxp/mcuxpressoide_11.3.0_5222/ide/plugins/com.nxp.mcuxpresso.tools.win32_11.3.0.202008311133/tools/bin/../lib/gcc/arm-none-eabi/9.3.1/../../../../arm-none-eabi/lib/thumb/v6-m/nofp\libcr_newlib_nohost.a(read.o)
                0x000079d0                _read
 .text._write   0x000079e0       0x10 c:/nxp/mcuxpressoide_11.3.0_5222/ide/plugins/com.nxp.mcuxpresso.tools.win32_11.3.0.202008311133/tools/bin/../lib/gcc/arm-none-eabi/9.3.1/../../../../arm-none-eabi/lib/thumb/v6-m/nofp\libcr_newlib_nohost.a(write.o)
                0x000079e0                _write
 .text.__check_heap_overflow
                0x000079f0       0x14 c:/nxp/mcuxpressoide_11.3.0_5222/ide/plugins/com.nxp.mcuxpresso.tools.win32_11.3.0.202008311133/tools/bin/../lib/gcc/arm-none-eabi/9.3.1/../../../../arm-none-eabi/lib/thumb/v6-m/nofp\libcr_newlib_nohost.a(_cr_check_heap.o)
                0x000079f0                __check_heap_overflow
 .text          0x00007a04       0x48 c:/nxp/mcuxpressoide_11.3.0_5222/ide/plugins/com.nxp.mcuxpresso.tools.win32_11.3.0.202008311133/tools/bin/../lib/gcc/arm-none-eabi/9.3.1/thumb/v6-m/nofp\crtbegin.o
 .text          0x00007a4c       0x7c c:/nxp/mcuxpressoide_11.3.0_5222/ide/plugins/com.nxp.mcuxpresso.tools.win32_11.3.0.202008311133/tools/bin/../lib/gcc/arm-none-eabi/9.3.1/thumb/v6-m/nofp\libgcc.a(_arm_cmpdf2.o)
                0x00007a4c                __aeabi_cdrcmple
                0x00007a5c                __aeabi_cdcmple
                0x00007a5c                __aeabi_cdcmpeq
                0x00007a6c                __aeabi_dcmpeq
                0x00007a78                __aeabi_dcmplt
                0x00007a8c                __aeabi_dcmple
                0x00007aa0                __aeabi_dcmpgt
                0x00007ab4                __aeabi_dcmpge
 .text          0x00007ac8      0x6d4 c:/nxp/mcuxpressoide_11.3.0_5222/ide/plugins/com.nxp.mcuxpresso.tools.win32_11.3.0.202008311133/tools/bin/../lib/gcc/arm-none-eabi/9.3.1/thumb/v6-m/nofp\libgcc.a(adddf3.o)
                0x00007ac8                __aeabi_dadd
 .text          0x0000819c      0x5d0 c:/nxp/mcuxpressoide_11.3.0_5222/ide/plugins/com.nxp.mcuxpresso.tools.win32_11.3.0.202008311133/tools/bin/../lib/gcc/arm-none-eabi/9.3.1/thumb/v6-m/nofp\libgcc.a(divdf3.o)
                0x0000819c                __aeabi_ddiv
 .text          0x0000876c       0x78 c:/nxp/mcuxpressoide_11.3.0_5222/ide/plugins/com.nxp.mcuxpresso.tools.win32_11.3.0.202008311133/tools/bin/../lib/gcc/arm-none-eabi/9.3.1/thumb/v6-m/nofp\libgcc.a(eqdf2.o)
                0x0000876c                __nedf2
                0x0000876c                __eqdf2
 .text          0x000087e4       0xe4 c:/nxp/mcuxpressoide_11.3.0_5222/ide/plugins/com.nxp.mcuxpresso.tools.win32_11.3.0.202008311133/tools/bin/../lib/gcc/arm-none-eabi/9.3.1/thumb/v6-m/nofp\libgcc.a(gedf2.o)
                0x000087e4                __gedf2
                0x000087e4                __gtdf2
 .text          0x000088c8       0xe0 c:/nxp/mcuxpressoide_11.3.0_5222/ide/plugins/com.nxp.mcuxpresso.tools.win32_11.3.0.202008311133/tools/bin/../lib/gcc/arm-none-eabi/9.3.1/thumb/v6-m/nofp\libgcc.a(ledf2.o)
                0x000088c8                __ledf2
                0x000088c8                __ltdf2
 .text          0x000089a8      0x4d8 c:/nxp/mcuxpressoide_11.3.0_5222/ide/plugins/com.nxp.mcuxpresso.tools.win32_11.3.0.202008311133/tools/bin/../lib/gcc/arm-none-eabi/9.3.1/thumb/v6-m/nofp\libgcc.a(muldf3.o)
                0x000089a8                __aeabi_dmul
 .text          0x00008e80      0x724 c:/nxp/mcuxpressoide_11.3.0_5222/ide/plugins/com.nxp.mcuxpresso.tools.win32_11.3.0.202008311133/tools/bin/../lib/gcc/arm-none-eabi/9.3.1/thumb/v6-m/nofp\libgcc.a(subdf3.o)
                0x00008e80                __aeabi_dsub
 .text          0x000095a4       0x3c c:/nxp/mcuxpressoide_11.3.0_5222/ide/plugins/com.nxp.mcuxpresso.tools.win32_11.3.0.202008311133/tools/bin/../lib/gcc/arm-none-eabi/9.3.1/thumb/v6-m/nofp\libgcc.a(unorddf2.o)
                0x000095a4                __aeabi_dcmpun
 .text          0x000095e0       0x6c c:/nxp/mcuxpressoide_11.3.0_5222/ide/plugins/com.nxp.mcuxpresso.tools.win32_11.3.0.202008311133/tools/bin/../lib/gcc/arm-none-eabi/9.3.1/thumb/v6-m/nofp\libgcc.a(fixdfsi.o)
                0x000095e0                __aeabi_d2iz
 .text          0x0000964c       0x60 c:/nxp/mcuxpressoide_11.3.0_5222/ide/plugins/com.nxp.mcuxpresso.tools.win32_11.3.0.202008311133/tools/bin/../lib/gcc/arm-none-eabi/9.3.1/thumb/v6-m/nofp\libgcc.a(floatsidf.o)
                0x0000964c                __aeabi_i2d
 .text          0x000096ac       0x4c c:/nxp/mcuxpressoide_11.3.0_5222/ide/plugins/com.nxp.mcuxpresso.tools.win32_11.3.0.202008311133/tools/bin/../lib/gcc/arm-none-eabi/9.3.1/thumb/v6-m/nofp\libgcc.a(floatunsidf.o)
                0x000096ac                __aeabi_ui2d
 .text.__errno  0x000096f8        0xc c:/nxp/mcuxpressoide_11.3.0_5222/ide/plugins/com.nxp.mcuxpresso.tools.win32_11.3.0.202008311133/tools/bin/../lib/gcc/arm-none-eabi/9.3.1/../../../../arm-none-eabi/lib/thumb/v6-m/nofp\libc.a(lib_a-errno.o)
                0x000096f8                __errno
 *(.rodata .rodata.* .constdata .constdata.*)
 .rodata.main.str1.4
                0x00009704        0x6 ./src/Test_new_new.o
 *fill*         0x0000970a        0x2 ff
 .rodata.ledBits
                0x0000970c        0x3 C:\Users\krystian.kucharski\Documents\MCUXpressoIDE_11.3.0_5222\workspace\lpc_board_lpc812\Debug\liblpc_board_lpc812.a(board.o)
 *fill*         0x0000970f        0x1 ff
 .rodata.OscRateIn
                0x00009710        0x4 C:\Users\krystian.kucharski\Documents\MCUXpressoIDE_11.3.0_5222\workspace\lpc_board_lpc812\Debug\liblpc_board_lpc812.a(board.o)
                0x00009710                OscRateIn
 .rodata.ExtRateIn
                0x00009714        0x4 C:\Users\krystian.kucharski\Documents\MCUXpressoIDE_11.3.0_5222\workspace\lpc_board_lpc812\Debug\liblpc_board_lpc812.a(board.o)
                0x00009714                ExtRateIn
 .rodata.wdtOSCRate
                0x00009718       0x40 C:\Users\krystian.kucharski\Documents\MCUXpressoIDE_11.3.0_5222\workspace\lpc_chip_8xx\Debug\liblpc_chip_8xx.a(clock_8xx.o)
 .rodata.config_tab
                0x00009758      0x354 C:\Users\krystian.kucharski\Documents\MCUXpressoIDE_11.3.0_5222\workspace\lpc_chip_8xx\Debug\liblpc_chip_8xx.a(irc_8xx.o)
 .rodata._vfprintf_r.str1.4
                0x00009aac       0x42 c:/nxp/mcuxpressoide_11.3.0_5222/ide/plugins/com.nxp.mcuxpresso.tools.win32_11.3.0.202008311133/tools/bin/../lib/gcc/arm-none-eabi/9.3.1/../../../../arm-none-eabi/lib/thumb/v6-m/nofp\libc.a(lib_a-vfprintf.o)
 *fill*         0x00009aee        0x2 ff
 .rodata._vfprintf_r
                0x00009af0      0x16c c:/nxp/mcuxpressoide_11.3.0_5222/ide/plugins/com.nxp.mcuxpresso.tools.win32_11.3.0.202008311133/tools/bin/../lib/gcc/arm-none-eabi/9.3.1/../../../../arm-none-eabi/lib/thumb/v6-m/nofp\libc.a(lib_a-vfprintf.o)
 .rodata.blanks.7350
                0x00009c5c       0x10 c:/nxp/mcuxpressoide_11.3.0_5222/ide/plugins/com.nxp.mcuxpresso.tools.win32_11.3.0.202008311133/tools/bin/../lib/gcc/arm-none-eabi/9.3.1/../../../../arm-none-eabi/lib/thumb/v6-m/nofp\libc.a(lib_a-vfprintf.o)
 .rodata.zeroes.7351
                0x00009c6c       0x10 c:/nxp/mcuxpressoide_11.3.0_5222/ide/plugins/com.nxp.mcuxpresso.tools.win32_11.3.0.202008311133/tools/bin/../lib/gcc/arm-none-eabi/9.3.1/../../../../arm-none-eabi/lib/thumb/v6-m/nofp\libc.a(lib_a-vfprintf.o)
 .rodata._dtoa_r.str1.4
                0x00009c7c       0xa0 c:/nxp/mcuxpressoide_11.3.0_5222/ide/plugins/com.nxp.mcuxpresso.tools.win32_11.3.0.202008311133/tools/bin/../lib/gcc/arm-none-eabi/9.3.1/../../../../arm-none-eabi/lib/thumb/v6-m/nofp\libc.a(lib_a-dtoa.o)
                                 0xa4 (size before relaxing)
 .rodata.__multadd.str1.4
                0x00009d1c       0x7d c:/nxp/mcuxpressoide_11.3.0_5222/ide/plugins/com.nxp.mcuxpresso.tools.win32_11.3.0.202008311133/tools/bin/../lib/gcc/arm-none-eabi/9.3.1/../../../../arm-none-eabi/lib/thumb/v6-m/nofp\libc.a(lib_a-mprec.o)
                                 0x91 (size before relaxing)
 *fill*         0x00009d99        0x7 ff
 .rodata.__mprec_bigtens
                0x00009da0       0x28 c:/nxp/mcuxpressoide_11.3.0_5222/ide/plugins/com.nxp.mcuxpresso.tools.win32_11.3.0.202008311133/tools/bin/../lib/gcc/arm-none-eabi/9.3.1/../../../../arm-none-eabi/lib/thumb/v6-m/nofp\libc.a(lib_a-mprec.o)
                0x00009da0                __mprec_bigtens
 .rodata.__mprec_tens
                0x00009dc8       0xc8 c:/nxp/mcuxpressoide_11.3.0_5222/ide/plugins/com.nxp.mcuxpresso.tools.win32_11.3.0.202008311133/tools/bin/../lib/gcc/arm-none-eabi/9.3.1/../../../../arm-none-eabi/lib/thumb/v6-m/nofp\libc.a(lib_a-mprec.o)
                0x00009dc8                __mprec_tens
 .rodata.p05.6122
                0x00009e90        0xc c:/nxp/mcuxpressoide_11.3.0_5222/ide/plugins/com.nxp.mcuxpresso.tools.win32_11.3.0.202008311133/tools/bin/../lib/gcc/arm-none-eabi/9.3.1/../../../../arm-none-eabi/lib/thumb/v6-m/nofp\libc.a(lib_a-mprec.o)
 .rodata._vfiprintf_r.str1.4
                0x00009e9c       0x2f c:/nxp/mcuxpressoide_11.3.0_5222/ide/plugins/com.nxp.mcuxpresso.tools.win32_11.3.0.202008311133/tools/bin/../lib/gcc/arm-none-eabi/9.3.1/../../../../arm-none-eabi/lib/thumb/v6-m/nofp\libc.a(lib_a-vfiprintf.o)
 .rodata._vfiprintf_r
                0x00009e9c      0x16c c:/nxp/mcuxpressoide_11.3.0_5222/ide/plugins/com.nxp.mcuxpresso.tools.win32_11.3.0.202008311133/tools/bin/../lib/gcc/arm-none-eabi/9.3.1/../../../../arm-none-eabi/lib/thumb/v6-m/nofp\libc.a(lib_a-vfiprintf.o)
 .rodata.blanks.7328
                0x0000a008       0x10 c:/nxp/mcuxpressoide_11.3.0_5222/ide/plugins/com.nxp.mcuxpresso.tools.win32_11.3.0.202008311133/tools/bin/../lib/gcc/arm-none-eabi/9.3.1/../../../../arm-none-eabi/lib/thumb/v6-m/nofp\libc.a(lib_a-vfiprintf.o)
 .rodata.zeroes.7329
                0x0000a018       0x10 c:/nxp/mcuxpressoide_11.3.0_5222/ide/plugins/com.nxp.mcuxpresso.tools.win32_11.3.0.202008311133/tools/bin/../lib/gcc/arm-none-eabi/9.3.1/../../../../arm-none-eabi/lib/thumb/v6-m/nofp\libc.a(lib_a-vfiprintf.o)
 .rodata.__assert_func.str1.4
                0x0000a028       0x3f c:/nxp/mcuxpressoide_11.3.0_5222/ide/plugins/com.nxp.mcuxpresso.tools.win32_11.3.0.202008311133/tools/bin/../lib/gcc/arm-none-eabi/9.3.1/../../../../arm-none-eabi/lib/thumb/v6-m/nofp\libc.a(lib_a-assert.o)
                                 0x43 (size before relaxing)
 *fill*         0x0000a067        0x1 ff
 .rodata._setlocale_r.str1.4
                0x0000a068        0xa c:/nxp/mcuxpressoide_11.3.0_5222/ide/plugins/com.nxp.mcuxpresso.tools.win32_11.3.0.202008311133/tools/bin/../lib/gcc/arm-none-eabi/9.3.1/../../../../arm-none-eabi/lib/thumb/v6-m/nofp\libc.a(lib_a-locale.o)
                                  0xd (size before relaxing)
 *fill*         0x0000a072        0x2 ff
 .rodata.str1.4
                0x0000a074        0x2 c:/nxp/mcuxpressoide_11.3.0_5222/ide/plugins/com.nxp.mcuxpresso.tools.win32_11.3.0.202008311133/tools/bin/../lib/gcc/arm-none-eabi/9.3.1/../../../../arm-none-eabi/lib/thumb/v6-m/nofp\libc.a(lib_a-locale.o)
 *fill*         0x0000a076        0x2 ff
 .rodata._ctype_
                0x0000a078      0x101 c:/nxp/mcuxpressoide_11.3.0_5222/ide/plugins/com.nxp.mcuxpresso.tools.win32_11.3.0.202008311133/tools/bin/../lib/gcc/arm-none-eabi/9.3.1/../../../../arm-none-eabi/lib/thumb/v6-m/nofp\libc.a(lib_a-ctype_.o)
                0x0000a078                _ctype_
 *fill*         0x0000a179        0x3 ff
 .rodata        0x0000a17c       0x40 c:/nxp/mcuxpressoide_11.3.0_5222/ide/plugins/com.nxp.mcuxpresso.tools.win32_11.3.0.202008311133/tools/bin/../lib/gcc/arm-none-eabi/9.3.1/thumb/v6-m/nofp\libgcc.a(divdf3.o)
 .rodata        0x0000a1bc       0x40 c:/nxp/mcuxpressoide_11.3.0_5222/ide/plugins/com.nxp.mcuxpresso.tools.win32_11.3.0.202008311133/tools/bin/../lib/gcc/arm-none-eabi/9.3.1/thumb/v6-m/nofp\libgcc.a(muldf3.o)
                0x0000a1fc                . = ALIGN (0x4)
                0x0000a1fc                . = ALIGN (0x4)
 *(.init)
 .init          0x0000a1fc        0x4 c:/nxp/mcuxpressoide_11.3.0_5222/ide/plugins/com.nxp.mcuxpresso.tools.win32_11.3.0.202008311133/tools/bin/../lib/gcc/arm-none-eabi/9.3.1/thumb/v6-m/nofp\crti.o
                0x0000a1fc                _init
 .init          0x0000a200        0x8 c:/nxp/mcuxpressoide_11.3.0_5222/ide/plugins/com.nxp.mcuxpresso.tools.win32_11.3.0.202008311133/tools/bin/../lib/gcc/arm-none-eabi/9.3.1/thumb/v6-m/nofp\crtn.o
                0x0000a208                . = ALIGN (0x4)
                0x0000a208                __preinit_array_start = .
 *(.preinit_array)
                0x0000a208                __preinit_array_end = .
                0x0000a208                . = ALIGN (0x4)
                0x0000a208                __init_array_start = .
 *(SORT_BY_NAME(.init_array.*))
 *(.init_array)
 .init_array    0x0000a208        0x4 c:/nxp/mcuxpressoide_11.3.0_5222/ide/plugins/com.nxp.mcuxpresso.tools.win32_11.3.0.202008311133/tools/bin/../lib/gcc/arm-none-eabi/9.3.1/thumb/v6-m/nofp\crtbegin.o
                0x0000a20c                __init_array_end = .
 *(.fini)
 .fini          0x0000a20c        0x4 c:/nxp/mcuxpressoide_11.3.0_5222/ide/plugins/com.nxp.mcuxpresso.tools.win32_11.3.0.202008311133/tools/bin/../lib/gcc/arm-none-eabi/9.3.1/thumb/v6-m/nofp\crti.o
                0x0000a20c                _fini
 .fini          0x0000a210        0x8 c:/nxp/mcuxpressoide_11.3.0_5222/ide/plugins/com.nxp.mcuxpresso.tools.win32_11.3.0.202008311133/tools/bin/../lib/gcc/arm-none-eabi/9.3.1/thumb/v6-m/nofp\crtn.o
                0x0000a218                . = ALIGN (0x4)
 *crtbegin.o(.ctors)
 *(EXCLUDE_FILE(*crtend.o) .ctors)
 *(SORT_BY_NAME(.ctors.*))
 *crtend.o(.ctors)
                0x0000a218                . = ALIGN (0x4)
 *crtbegin.o(.dtors)
 *(EXCLUDE_FILE(*crtend.o) .dtors)
 *(SORT_BY_NAME(.dtors.*))
 *crtend.o(.dtors)
                0x0000a218                . = ALIGN (0x4)

.glue_7         0x0000a218        0x0
 .glue_7        0x0000a218        0x0 linker stubs

.glue_7t        0x0000a218        0x0
 .glue_7t       0x0000a218        0x0 linker stubs

.vfp11_veneer   0x0000a218        0x0
 .vfp11_veneer  0x0000a218        0x0 linker stubs

.v4_bx          0x0000a218        0x0
 .v4_bx         0x0000a218        0x0 linker stubs

.iplt           0x0000a218        0x0
 .iplt          0x0000a218        0x0 ./src/Test_new_new.o

.ARM.extab
 *(.ARM.extab* .gnu.linkonce.armextab.*)

.ARM.exidx      0x0000a218        0x8
                0x0000a218                __exidx_start = .
 *(.ARM.exidx* .gnu.linkonce.armexidx.*)
 .ARM.exidx     0x0000a218        0x8 c:/nxp/mcuxpressoide_11.3.0_5222/ide/plugins/com.nxp.mcuxpresso.tools.win32_11.3.0.202008311133/tools/bin/../lib/gcc/arm-none-eabi/9.3.1/thumb/v6-m/nofp\libgcc.a(_udivmoddi4.o)
                0x0000a220                __exidx_end = .
                0x0000a220                _etext = .

.rel.dyn        0x0000a220        0x0
 .rel.iplt      0x0000a220        0x0 ./src/Test_new_new.o

.eh_frame       0x0000a220        0x0
 .eh_frame      0x0000a220        0x0 c:/nxp/mcuxpressoide_11.3.0_5222/ide/plugins/com.nxp.mcuxpresso.tools.win32_11.3.0.202008311133/tools/bin/../lib/gcc/arm-none-eabi/9.3.1/thumb/v6-m/nofp\crtbegin.o

.mtb_buffer_default
                0x10000000      0x100
 *(.mtb*)
 .mtb.$RAM1     0x10000000      0x100 ./src/mtb.o
                0x10000000                __mtb_buffer__

.uninit_RESERVED
                0x10000100        0x0
                0x10000100                _start_uninit_RESERVED = .
 *(.bss.$RESERVED*)
                0x10000100                . = ALIGN (0x4)
                0x10000100                _end_uninit_RESERVED = .

.data           0x10000100      0x9ac load address 0x0000a220
 FILL mask 0xff
                0x10000100                _data = .
                [!provide]                PROVIDE (__start_data_RAM = .)
                [!provide]                PROVIDE (__start_data_RamLoc4 = .)
 *(vtable)
 *(.ramfunc*)
 *(CodeQuickAccess)
 *(DataQuickAccess)
 *(RamFunction)
 *(.data*)
 .data.__malloc_av_
                0x10000100      0x408 c:/nxp/mcuxpressoide_11.3.0_5222/ide/plugins/com.nxp.mcuxpresso.tools.win32_11.3.0.202008311133/tools/bin/../lib/gcc/arm-none-eabi/9.3.1/../../../../arm-none-eabi/lib/thumb/v6-m/nofp\libc.a(lib_a-mallocr.o)
                0x10000100                __malloc_av_
 .data.__malloc_sbrk_base
                0x10000508        0x4 c:/nxp/mcuxpressoide_11.3.0_5222/ide/plugins/com.nxp.mcuxpresso.tools.win32_11.3.0.202008311133/tools/bin/../lib/gcc/arm-none-eabi/9.3.1/../../../../arm-none-eabi/lib/thumb/v6-m/nofp\libc.a(lib_a-mallocr.o)
                0x10000508                __malloc_sbrk_base
 .data.__malloc_trim_threshold
                0x1000050c        0x4 c:/nxp/mcuxpressoide_11.3.0_5222/ide/plugins/com.nxp.mcuxpresso.tools.win32_11.3.0.202008311133/tools/bin/../lib/gcc/arm-none-eabi/9.3.1/../../../../arm-none-eabi/lib/thumb/v6-m/nofp\libc.a(lib_a-mallocr.o)
                0x1000050c                __malloc_trim_threshold
 .data._impure_ptr
                0x10000510        0x4 c:/nxp/mcuxpressoide_11.3.0_5222/ide/plugins/com.nxp.mcuxpresso.tools.win32_11.3.0.202008311133/tools/bin/../lib/gcc/arm-none-eabi/9.3.1/../../../../arm-none-eabi/lib/thumb/v6-m/nofp\libc.a(lib_a-impure.o)
                0x10000510                _impure_ptr
 *fill*         0x10000514        0x4 ff
 .data.impure_data
                0x10000518      0x428 c:/nxp/mcuxpressoide_11.3.0_5222/ide/plugins/com.nxp.mcuxpresso.tools.win32_11.3.0.202008311133/tools/bin/../lib/gcc/arm-none-eabi/9.3.1/../../../../arm-none-eabi/lib/thumb/v6-m/nofp\libc.a(lib_a-impure.o)
 .data.__global_locale
                0x10000940      0x16c c:/nxp/mcuxpressoide_11.3.0_5222/ide/plugins/com.nxp.mcuxpresso.tools.win32_11.3.0.202008311133/tools/bin/../lib/gcc/arm-none-eabi/9.3.1/../../../../arm-none-eabi/lib/thumb/v6-m/nofp\libc.a(lib_a-locale.o)
                0x10000940                __global_locale
                0x10000aac                . = ALIGN (0x4)
                0x10000aac                _edata = .
                [!provide]                PROVIDE (__end_data_RAM = .)
                [!provide]                PROVIDE (__end_data_RamLoc4 = .)

.igot.plt       0x10000aac        0x0 load address 0x0000abcc
 .igot.plt      0x10000aac        0x0 ./src/Test_new_new.o

.bss            0x10000aac       0x88
                0x10000aac                _bss = .
                [!provide]                PROVIDE (__start_bss_RAM = .)
                [!provide]                PROVIDE (__start_bss_RamLoc4 = .)
 *(.bss*)
 .bss._ZZ4mainE1i
                0x10000aac        0x4 ./src/Test_new_new.o
 .bss.config_tab_idx
                0x10000ab0        0x2 C:\Users\krystian.kucharski\Documents\MCUXpressoIDE_11.3.0_5222\workspace\lpc_chip_8xx\Debug\liblpc_chip_8xx.a(irc_8xx.o)
 *fill*         0x10000ab2        0x2 
 .bss.__malloc_current_mallinfo
                0x10000ab4       0x28 c:/nxp/mcuxpressoide_11.3.0_5222/ide/plugins/com.nxp.mcuxpresso.tools.win32_11.3.0.202008311133/tools/bin/../lib/gcc/arm-none-eabi/9.3.1/../../../../arm-none-eabi/lib/thumb/v6-m/nofp\libc.a(lib_a-mallocr.o)
                0x10000ab4                __malloc_current_mallinfo
 .bss.__malloc_max_sbrked_mem
                0x10000adc        0x4 c:/nxp/mcuxpressoide_11.3.0_5222/ide/plugins/com.nxp.mcuxpresso.tools.win32_11.3.0.202008311133/tools/bin/../lib/gcc/arm-none-eabi/9.3.1/../../../../arm-none-eabi/lib/thumb/v6-m/nofp\libc.a(lib_a-mallocr.o)
                0x10000adc                __malloc_max_sbrked_mem
 .bss.__malloc_max_total_mem
                0x10000ae0        0x4 c:/nxp/mcuxpressoide_11.3.0_5222/ide/plugins/com.nxp.mcuxpresso.tools.win32_11.3.0.202008311133/tools/bin/../lib/gcc/arm-none-eabi/9.3.1/../../../../arm-none-eabi/lib/thumb/v6-m/nofp\libc.a(lib_a-mallocr.o)
                0x10000ae0                __malloc_max_total_mem
 .bss.__malloc_top_pad
                0x10000ae4        0x4 c:/nxp/mcuxpressoide_11.3.0_5222/ide/plugins/com.nxp.mcuxpresso.tools.win32_11.3.0.202008311133/tools/bin/../lib/gcc/arm-none-eabi/9.3.1/../../../../arm-none-eabi/lib/thumb/v6-m/nofp\libc.a(lib_a-mallocr.o)
                0x10000ae4                __malloc_top_pad
 .bss.__end_of_heap
                0x10000ae8        0x4 c:/nxp/mcuxpressoide_11.3.0_5222/ide/plugins/com.nxp.mcuxpresso.tools.win32_11.3.0.202008311133/tools/bin/../lib/gcc/arm-none-eabi/9.3.1/../../../../arm-none-eabi/lib/thumb/v6-m/nofp\libcr_newlib_nohost.a(_cr_sbrk.o)
                0x10000ae8                __end_of_heap
 .bss           0x10000aec       0x1c c:/nxp/mcuxpressoide_11.3.0_5222/ide/plugins/com.nxp.mcuxpresso.tools.win32_11.3.0.202008311133/tools/bin/../lib/gcc/arm-none-eabi/9.3.1/thumb/v6-m/nofp\crtbegin.o
 *(COMMON)
 COMMON         0x10000b08        0x4 C:\Users\krystian.kucharski\Documents\MCUXpressoIDE_11.3.0_5222\workspace\lpc_chip_8xx\Debug\liblpc_chip_8xx.a(chip_8xx.o)
                0x10000b08                SystemCoreClock
 COMMON         0x10000b0c       0x21 c:/nxp/mcuxpressoide_11.3.0_5222/ide/plugins/com.nxp.mcuxpresso.tools.win32_11.3.0.202008311133/tools/bin/../lib/gcc/arm-none-eabi/9.3.1/../../../../arm-none-eabi/lib/thumb/v6-m/nofp\libc.a(lib_a-lock.o)
                0x10000b0c                __lock___atexit_recursive_mutex
                0x10000b10                __lock___arc4random_mutex
                0x10000b14                __lock___env_recursive_mutex
                0x10000b18                __lock___sinit_recursive_mutex
                0x10000b1c                __lock___malloc_recursive_mutex
                0x10000b20                __lock___at_quick_exit_mutex
                0x10000b24                __lock___dd_hash_mutex
                0x10000b28                __lock___tz_mutex
                0x10000b2c                __lock___sfp_recursive_mutex
 *fill*         0x10000b2d        0x3 
 COMMON         0x10000b30        0x4 c:/nxp/mcuxpressoide_11.3.0_5222/ide/plugins/com.nxp.mcuxpresso.tools.win32_11.3.0.202008311133/tools/bin/../lib/gcc/arm-none-eabi/9.3.1/../../../../arm-none-eabi/lib/thumb/v6-m/nofp\libc.a(lib_a-reent.o)
                0x10000b30                errno
                0x10000b34                . = ALIGN (0x4)
                0x10000b34                _ebss = .
                [!provide]                PROVIDE (__end_bss_RAM = .)
                [!provide]                PROVIDE (__end_bss_RamLoc4 = .)
                [!provide]                PROVIDE (end = .)

.noinit         0x10000b34        0x0
                0x10000b34                _noinit = .
                [!provide]                PROVIDE (__start_noinit_RAM = .)
                [!provide]                PROVIDE (__start_noinit_RamLoc4 = .)
 *(.noinit*)
                0x10000b34                . = ALIGN (0x4)
                0x10000b34                _end_noinit = .
                [!provide]                PROVIDE (__end_noinit_RAM = .)
                [!provide]                PROVIDE (__end_noinit_RamLoc4 = .)
                0x10000b34                PROVIDE (_pvHeapStart = DEFINED (__user_heap_base)?__user_heap_base:.)
                0x10001000                PROVIDE (_vStackTop = DEFINED (__user_stack_top)?__user_stack_top:(__top_RamLoc4 - 0x0))
                0xefffeb17                PROVIDE (__valid_user_code_checksum = (0x0 - (((_vStackTop + (ResetISR + 0x1)) + (DEFINED (NMI_Handler)?NMI_Handler:M0_NMI_Handler + 0x1)) + (DEFINED (HardFault_Handler)?HardFault_Handler:M0_HardFault_Handler + 0x1))))
                0x00000000                _image_start = LOADADDR (.text)
                0x0000abcc                _image_end = (LOADADDR (.data) + SIZEOF (.data))
                0x0000abcc                _image_size = (_image_end - _image_start)
OUTPUT(Test_new_new.axf elf32-littlearm)
LOAD linker stubs

.debug_info     0x00000000     0xcb3e
 .debug_info    0x00000000     0x10d7 ./src/Test_new_new.o
 .debug_info    0x000010d7      0x224 ./src/cr_startup_lpc8xx.o
 .debug_info    0x000012fb       0x54 ./src/mtb.o
 .debug_info    0x0000134f      0x973 ./src/sysinit.o
 .debug_info    0x00001cc2      0xeb1 C:\Users\krystian.kucharski\Documents\MCUXpressoIDE_11.3.0_5222\workspace\lpc_board_lpc812\Debug\liblpc_board_lpc812.a(board.o)
 .debug_info    0x00002b73      0x83e C:\Users\krystian.kucharski\Documents\MCUXpressoIDE_11.3.0_5222\workspace\lpc_board_lpc812\Debug\liblpc_board_lpc812.a(board_sysinit.o)
 .debug_info    0x000033b1      0x10b C:\Users\krystian.kucharski\Documents\MCUXpressoIDE_11.3.0_5222\workspace\lpc_chip_8xx\Debug\liblpc_chip_8xx.a(chip_8xx.o)
 .debug_info    0x000034bc      0xb44 C:\Users\krystian.kucharski\Documents\MCUXpressoIDE_11.3.0_5222\workspace\lpc_chip_8xx\Debug\liblpc_chip_8xx.a(clock_8xx.o)
 .debug_info    0x00004000      0x6c1 C:\Users\krystian.kucharski\Documents\MCUXpressoIDE_11.3.0_5222\workspace\lpc_chip_8xx\Debug\liblpc_chip_8xx.a(gpio_8xx.o)
 .debug_info    0x000046c1      0x39e C:\Users\krystian.kucharski\Documents\MCUXpressoIDE_11.3.0_5222\workspace\lpc_chip_8xx\Debug\liblpc_chip_8xx.a(swm_8xx.o)
 .debug_info    0x00004a5f      0x676 C:\Users\krystian.kucharski\Documents\MCUXpressoIDE_11.3.0_5222\workspace\lpc_chip_8xx\Debug\liblpc_chip_8xx.a(sysinit_8xx.o)
 .debug_info    0x000050d5      0xca6 C:\Users\krystian.kucharski\Documents\MCUXpressoIDE_11.3.0_5222\workspace\lpc_chip_8xx\Debug\liblpc_chip_8xx.a(uart_8xx.o)
 .debug_info    0x00005d7b      0xf45 C:\Users\krystian.kucharski\Documents\MCUXpressoIDE_11.3.0_5222\workspace\lpc_chip_8xx\Debug\liblpc_chip_8xx.a(irc_8xx.o)
 .debug_info    0x00006cc0      0x508 C:\Users\krystian.kucharski\Documents\MCUXpressoIDE_11.3.0_5222\workspace\lpc_chip_8xx\Debug\liblpc_chip_8xx.a(syscon_8xx.o)
 .debug_info    0x000071c8      0x9f8 c:/nxp/mcuxpressoide_11.3.0_5222/ide/plugins/com.nxp.mcuxpresso.tools.win32_11.3.0.202008311133/tools/bin/../lib/gcc/arm-none-eabi/9.3.1/../../../../arm-none-eabi/lib/thumb/v6-m/nofp\libcr_newlib_nohost.a(_cr_sbrk.o)
 .debug_info    0x00007bc0       0xa3 c:/nxp/mcuxpressoide_11.3.0_5222/ide/plugins/com.nxp.mcuxpresso.tools.win32_11.3.0.202008311133/tools/bin/../lib/gcc/arm-none-eabi/9.3.1/../../../../arm-none-eabi/lib/thumb/v6-m/nofp\libcr_newlib_nohost.a(_exit.o)
 .debug_info    0x00007c63      0x979 c:/nxp/mcuxpressoide_11.3.0_5222/ide/plugins/com.nxp.mcuxpresso.tools.win32_11.3.0.202008311133/tools/bin/../lib/gcc/arm-none-eabi/9.3.1/../../../../arm-none-eabi/lib/thumb/v6-m/nofp\libcr_newlib_nohost.a(close.o)
 .debug_info    0x000085dc      0xbbc c:/nxp/mcuxpressoide_11.3.0_5222/ide/plugins/com.nxp.mcuxpresso.tools.win32_11.3.0.202008311133/tools/bin/../lib/gcc/arm-none-eabi/9.3.1/../../../../arm-none-eabi/lib/thumb/v6-m/nofp\libcr_newlib_nohost.a(fstat.o)
 .debug_info    0x00009198      0x964 c:/nxp/mcuxpressoide_11.3.0_5222/ide/plugins/com.nxp.mcuxpresso.tools.win32_11.3.0.202008311133/tools/bin/../lib/gcc/arm-none-eabi/9.3.1/../../../../arm-none-eabi/lib/thumb/v6-m/nofp\libcr_newlib_nohost.a(getpid.o)
 .debug_info    0x00009afc      0x979 c:/nxp/mcuxpressoide_11.3.0_5222/ide/plugins/com.nxp.mcuxpresso.tools.win32_11.3.0.202008311133/tools/bin/../lib/gcc/arm-none-eabi/9.3.1/../../../../arm-none-eabi/lib/thumb/v6-m/nofp\libcr_newlib_nohost.a(isatty.o)
 .debug_info    0x0000a475      0x987 c:/nxp/mcuxpressoide_11.3.0_5222/ide/plugins/com.nxp.mcuxpresso.tools.win32_11.3.0.202008311133/tools/bin/../lib/gcc/arm-none-eabi/9.3.1/../../../../arm-none-eabi/lib/thumb/v6-m/nofp\libcr_newlib_nohost.a(kill.o)
 .debug_info    0x0000adfc      0x99b c:/nxp/mcuxpressoide_11.3.0_5222/ide/plugins/com.nxp.mcuxpresso.tools.win32_11.3.0.202008311133/tools/bin/../lib/gcc/arm-none-eabi/9.3.1/../../../../arm-none-eabi/lib/thumb/v6-m/nofp\libcr_newlib_nohost.a(lseek.o)
 .debug_info    0x0000b797      0x99b c:/nxp/mcuxpressoide_11.3.0_5222/ide/plugins/com.nxp.mcuxpresso.tools.win32_11.3.0.202008311133/tools/bin/../lib/gcc/arm-none-eabi/9.3.1/../../../../arm-none-eabi/lib/thumb/v6-m/nofp\libcr_newlib_nohost.a(read.o)
 .debug_info    0x0000c132      0x99b c:/nxp/mcuxpressoide_11.3.0_5222/ide/plugins/com.nxp.mcuxpresso.tools.win32_11.3.0.202008311133/tools/bin/../lib/gcc/arm-none-eabi/9.3.1/../../../../arm-none-eabi/lib/thumb/v6-m/nofp\libcr_newlib_nohost.a(write.o)
 .debug_info    0x0000cacd       0x71 c:/nxp/mcuxpressoide_11.3.0_5222/ide/plugins/com.nxp.mcuxpresso.tools.win32_11.3.0.202008311133/tools/bin/../lib/gcc/arm-none-eabi/9.3.1/../../../../arm-none-eabi/lib/thumb/v6-m/nofp\libcr_newlib_nohost.a(_cr_check_heap.o)

.debug_abbrev   0x00000000     0x2b02
 .debug_abbrev  0x00000000      0x2e4 ./src/Test_new_new.o
 .debug_abbrev  0x000002e4      0x100 ./src/cr_startup_lpc8xx.o
 .debug_abbrev  0x000003e4       0x46 ./src/mtb.o
 .debug_abbrev  0x0000042a      0x1d2 ./src/sysinit.o
 .debug_abbrev  0x000005fc      0x29c C:\Users\krystian.kucharski\Documents\MCUXpressoIDE_11.3.0_5222\workspace\lpc_board_lpc812\Debug\liblpc_board_lpc812.a(board.o)
 .debug_abbrev  0x00000898      0x163 C:\Users\krystian.kucharski\Documents\MCUXpressoIDE_11.3.0_5222\workspace\lpc_board_lpc812\Debug\liblpc_board_lpc812.a(board_sysinit.o)
 .debug_abbrev  0x000009fb       0xb0 C:\Users\krystian.kucharski\Documents\MCUXpressoIDE_11.3.0_5222\workspace\lpc_chip_8xx\Debug\liblpc_chip_8xx.a(chip_8xx.o)
 .debug_abbrev  0x00000aab      0x2ec C:\Users\krystian.kucharski\Documents\MCUXpressoIDE_11.3.0_5222\workspace\lpc_chip_8xx\Debug\liblpc_chip_8xx.a(clock_8xx.o)
 .debug_abbrev  0x00000d97      0x178 C:\Users\krystian.kucharski\Documents\MCUXpressoIDE_11.3.0_5222\workspace\lpc_chip_8xx\Debug\liblpc_chip_8xx.a(gpio_8xx.o)
 .debug_abbrev  0x00000f0f      0x194 C:\Users\krystian.kucharski\Documents\MCUXpressoIDE_11.3.0_5222\workspace\lpc_chip_8xx\Debug\liblpc_chip_8xx.a(swm_8xx.o)
 .debug_abbrev  0x000010a3      0x1a1 C:\Users\krystian.kucharski\Documents\MCUXpressoIDE_11.3.0_5222\workspace\lpc_chip_8xx\Debug\liblpc_chip_8xx.a(sysinit_8xx.o)
 .debug_abbrev  0x00001244      0x25b C:\Users\krystian.kucharski\Documents\MCUXpressoIDE_11.3.0_5222\workspace\lpc_chip_8xx\Debug\liblpc_chip_8xx.a(uart_8xx.o)
 .debug_abbrev  0x0000149f      0x258 C:\Users\krystian.kucharski\Documents\MCUXpressoIDE_11.3.0_5222\workspace\lpc_chip_8xx\Debug\liblpc_chip_8xx.a(irc_8xx.o)
 .debug_abbrev  0x000016f7      0x120 C:\Users\krystian.kucharski\Documents\MCUXpressoIDE_11.3.0_5222\workspace\lpc_chip_8xx\Debug\liblpc_chip_8xx.a(syscon_8xx.o)
 .debug_abbrev  0x00001817      0x24a c:/nxp/mcuxpressoide_11.3.0_5222/ide/plugins/com.nxp.mcuxpresso.tools.win32_11.3.0.202008311133/tools/bin/../lib/gcc/arm-none-eabi/9.3.1/../../../../arm-none-eabi/lib/thumb/v6-m/nofp\libcr_newlib_nohost.a(_cr_sbrk.o)
 .debug_abbrev  0x00001a61       0x67 c:/nxp/mcuxpressoide_11.3.0_5222/ide/plugins/com.nxp.mcuxpresso.tools.win32_11.3.0.202008311133/tools/bin/../lib/gcc/arm-none-eabi/9.3.1/../../../../arm-none-eabi/lib/thumb/v6-m/nofp\libcr_newlib_nohost.a(_exit.o)
 .debug_abbrev  0x00001ac8      0x1ea c:/nxp/mcuxpressoide_11.3.0_5222/ide/plugins/com.nxp.mcuxpresso.tools.win32_11.3.0.202008311133/tools/bin/../lib/gcc/arm-none-eabi/9.3.1/../../../../arm-none-eabi/lib/thumb/v6-m/nofp\libcr_newlib_nohost.a(close.o)
 .debug_abbrev  0x00001cb2      0x1fd c:/nxp/mcuxpressoide_11.3.0_5222/ide/plugins/com.nxp.mcuxpresso.tools.win32_11.3.0.202008311133/tools/bin/../lib/gcc/arm-none-eabi/9.3.1/../../../../arm-none-eabi/lib/thumb/v6-m/nofp\libcr_newlib_nohost.a(fstat.o)
 .debug_abbrev  0x00001eaf      0x1d6 c:/nxp/mcuxpressoide_11.3.0_5222/ide/plugins/com.nxp.mcuxpresso.tools.win32_11.3.0.202008311133/tools/bin/../lib/gcc/arm-none-eabi/9.3.1/../../../../arm-none-eabi/lib/thumb/v6-m/nofp\libcr_newlib_nohost.a(getpid.o)
 .debug_abbrev  0x00002085      0x1ea c:/nxp/mcuxpressoide_11.3.0_5222/ide/plugins/com.nxp.mcuxpresso.tools.win32_11.3.0.202008311133/tools/bin/../lib/gcc/arm-none-eabi/9.3.1/../../../../arm-none-eabi/lib/thumb/v6-m/nofp\libcr_newlib_nohost.a(isatty.o)
 .debug_abbrev  0x0000226f      0x1fb c:/nxp/mcuxpressoide_11.3.0_5222/ide/plugins/com.nxp.mcuxpresso.tools.win32_11.3.0.202008311133/tools/bin/../lib/gcc/arm-none-eabi/9.3.1/../../../../arm-none-eabi/lib/thumb/v6-m/nofp\libcr_newlib_nohost.a(kill.o)
 .debug_abbrev  0x0000246a      0x20f c:/nxp/mcuxpressoide_11.3.0_5222/ide/plugins/com.nxp.mcuxpresso.tools.win32_11.3.0.202008311133/tools/bin/../lib/gcc/arm-none-eabi/9.3.1/../../../../arm-none-eabi/lib/thumb/v6-m/nofp\libcr_newlib_nohost.a(lseek.o)
 .debug_abbrev  0x00002679      0x20f c:/nxp/mcuxpressoide_11.3.0_5222/ide/plugins/com.nxp.mcuxpresso.tools.win32_11.3.0.202008311133/tools/bin/../lib/gcc/arm-none-eabi/9.3.1/../../../../arm-none-eabi/lib/thumb/v6-m/nofp\libcr_newlib_nohost.a(read.o)
 .debug_abbrev  0x00002888      0x20f c:/nxp/mcuxpressoide_11.3.0_5222/ide/plugins/com.nxp.mcuxpresso.tools.win32_11.3.0.202008311133/tools/bin/../lib/gcc/arm-none-eabi/9.3.1/../../../../arm-none-eabi/lib/thumb/v6-m/nofp\libcr_newlib_nohost.a(write.o)
 .debug_abbrev  0x00002a97       0x6b c:/nxp/mcuxpressoide_11.3.0_5222/ide/plugins/com.nxp.mcuxpresso.tools.win32_11.3.0.202008311133/tools/bin/../lib/gcc/arm-none-eabi/9.3.1/../../../../arm-none-eabi/lib/thumb/v6-m/nofp\libcr_newlib_nohost.a(_cr_check_heap.o)

.debug_aranges  0x00000000      0x6a0
 .debug_aranges
                0x00000000       0x58 ./src/Test_new_new.o
 .debug_aranges
                0x00000058       0x60 ./src/cr_startup_lpc8xx.o
 .debug_aranges
                0x000000b8       0x18 ./src/mtb.o
 .debug_aranges
                0x000000d0       0x20 ./src/sysinit.o
 .debug_aranges
                0x000000f0       0xd8 C:\Users\krystian.kucharski\Documents\MCUXpressoIDE_11.3.0_5222\workspace\lpc_board_lpc812\Debug\liblpc_board_lpc812.a(board.o)
 .debug_aranges
                0x000001c8       0x40 C:\Users\krystian.kucharski\Documents\MCUXpressoIDE_11.3.0_5222\workspace\lpc_board_lpc812\Debug\liblpc_board_lpc812.a(board_sysinit.o)
 .debug_aranges
                0x00000208       0x20 C:\Users\krystian.kucharski\Documents\MCUXpressoIDE_11.3.0_5222\workspace\lpc_chip_8xx\Debug\liblpc_chip_8xx.a(chip_8xx.o)
 .debug_aranges
                0x00000228       0xf0 C:\Users\krystian.kucharski\Documents\MCUXpressoIDE_11.3.0_5222\workspace\lpc_chip_8xx\Debug\liblpc_chip_8xx.a(clock_8xx.o)
 .debug_aranges
                0x00000318       0x38 C:\Users\krystian.kucharski\Documents\MCUXpressoIDE_11.3.0_5222\workspace\lpc_chip_8xx\Debug\liblpc_chip_8xx.a(gpio_8xx.o)
 .debug_aranges
                0x00000350       0x38 C:\Users\krystian.kucharski\Documents\MCUXpressoIDE_11.3.0_5222\workspace\lpc_chip_8xx\Debug\liblpc_chip_8xx.a(swm_8xx.o)
 .debug_aranges
                0x00000388       0x50 C:\Users\krystian.kucharski\Documents\MCUXpressoIDE_11.3.0_5222\workspace\lpc_chip_8xx\Debug\liblpc_chip_8xx.a(sysinit_8xx.o)
 .debug_aranges
                0x000003d8       0xd8 C:\Users\krystian.kucharski\Documents\MCUXpressoIDE_11.3.0_5222\workspace\lpc_chip_8xx\Debug\liblpc_chip_8xx.a(uart_8xx.o)
 .debug_aranges
                0x000004b0       0x58 C:\Users\krystian.kucharski\Documents\MCUXpressoIDE_11.3.0_5222\workspace\lpc_chip_8xx\Debug\liblpc_chip_8xx.a(irc_8xx.o)
 .debug_aranges
                0x00000508       0x38 C:\Users\krystian.kucharski\Documents\MCUXpressoIDE_11.3.0_5222\workspace\lpc_chip_8xx\Debug\liblpc_chip_8xx.a(syscon_8xx.o)
 .debug_aranges
                0x00000540       0x20 c:/nxp/mcuxpressoide_11.3.0_5222/ide/plugins/com.nxp.mcuxpresso.tools.win32_11.3.0.202008311133/tools/bin/../lib/gcc/arm-none-eabi/9.3.1/../../../../arm-none-eabi/lib/thumb/v6-m/nofp\libcr_newlib_nohost.a(_cr_sbrk.o)
 .debug_aranges
                0x00000560       0x20 c:/nxp/mcuxpressoide_11.3.0_5222/ide/plugins/com.nxp.mcuxpresso.tools.win32_11.3.0.202008311133/tools/bin/../lib/gcc/arm-none-eabi/9.3.1/../../../../arm-none-eabi/lib/thumb/v6-m/nofp\libcr_newlib_nohost.a(_exit.o)
 .debug_aranges
                0x00000580       0x20 c:/nxp/mcuxpressoide_11.3.0_5222/ide/plugins/com.nxp.mcuxpresso.tools.win32_11.3.0.202008311133/tools/bin/../lib/gcc/arm-none-eabi/9.3.1/../../../../arm-none-eabi/lib/thumb/v6-m/nofp\libcr_newlib_nohost.a(close.o)
 .debug_aranges
                0x000005a0       0x20 c:/nxp/mcuxpressoide_11.3.0_5222/ide/plugins/com.nxp.mcuxpresso.tools.win32_11.3.0.202008311133/tools/bin/../lib/gcc/arm-none-eabi/9.3.1/../../../../arm-none-eabi/lib/thumb/v6-m/nofp\libcr_newlib_nohost.a(fstat.o)
 .debug_aranges
                0x000005c0       0x20 c:/nxp/mcuxpressoide_11.3.0_5222/ide/plugins/com.nxp.mcuxpresso.tools.win32_11.3.0.202008311133/tools/bin/../lib/gcc/arm-none-eabi/9.3.1/../../../../arm-none-eabi/lib/thumb/v6-m/nofp\libcr_newlib_nohost.a(getpid.o)
 .debug_aranges
                0x000005e0       0x20 c:/nxp/mcuxpressoide_11.3.0_5222/ide/plugins/com.nxp.mcuxpresso.tools.win32_11.3.0.202008311133/tools/bin/../lib/gcc/arm-none-eabi/9.3.1/../../../../arm-none-eabi/lib/thumb/v6-m/nofp\libcr_newlib_nohost.a(isatty.o)
 .debug_aranges
                0x00000600       0x20 c:/nxp/mcuxpressoide_11.3.0_5222/ide/plugins/com.nxp.mcuxpresso.tools.win32_11.3.0.202008311133/tools/bin/../lib/gcc/arm-none-eabi/9.3.1/../../../../arm-none-eabi/lib/thumb/v6-m/nofp\libcr_newlib_nohost.a(kill.o)
 .debug_aranges
                0x00000620       0x20 c:/nxp/mcuxpressoide_11.3.0_5222/ide/plugins/com.nxp.mcuxpresso.tools.win32_11.3.0.202008311133/tools/bin/../lib/gcc/arm-none-eabi/9.3.1/../../../../arm-none-eabi/lib/thumb/v6-m/nofp\libcr_newlib_nohost.a(lseek.o)
 .debug_aranges
                0x00000640       0x20 c:/nxp/mcuxpressoide_11.3.0_5222/ide/plugins/com.nxp.mcuxpresso.tools.win32_11.3.0.202008311133/tools/bin/../lib/gcc/arm-none-eabi/9.3.1/../../../../arm-none-eabi/lib/thumb/v6-m/nofp\libcr_newlib_nohost.a(read.o)
 .debug_aranges
                0x00000660       0x20 c:/nxp/mcuxpressoide_11.3.0_5222/ide/plugins/com.nxp.mcuxpresso.tools.win32_11.3.0.202008311133/tools/bin/../lib/gcc/arm-none-eabi/9.3.1/../../../../arm-none-eabi/lib/thumb/v6-m/nofp\libcr_newlib_nohost.a(write.o)
 .debug_aranges
                0x00000680       0x20 c:/nxp/mcuxpressoide_11.3.0_5222/ide/plugins/com.nxp.mcuxpresso.tools.win32_11.3.0.202008311133/tools/bin/../lib/gcc/arm-none-eabi/9.3.1/../../../../arm-none-eabi/lib/thumb/v6-m/nofp\libcr_newlib_nohost.a(_cr_check_heap.o)

.debug_ranges   0x00000000      0x508
 .debug_ranges  0x00000000       0x48 ./src/Test_new_new.o
 .debug_ranges  0x00000048       0x50 ./src/cr_startup_lpc8xx.o
 .debug_ranges  0x00000098       0x10 ./src/sysinit.o
 .debug_ranges  0x000000a8       0xc8 C:\Users\krystian.kucharski\Documents\MCUXpressoIDE_11.3.0_5222\workspace\lpc_board_lpc812\Debug\liblpc_board_lpc812.a(board.o)
 .debug_ranges  0x00000170       0x30 C:\Users\krystian.kucharski\Documents\MCUXpressoIDE_11.3.0_5222\workspace\lpc_board_lpc812\Debug\liblpc_board_lpc812.a(board_sysinit.o)
 .debug_ranges  0x000001a0       0x10 C:\Users\krystian.kucharski\Documents\MCUXpressoIDE_11.3.0_5222\workspace\lpc_chip_8xx\Debug\liblpc_chip_8xx.a(chip_8xx.o)
 .debug_ranges  0x000001b0       0xe0 C:\Users\krystian.kucharski\Documents\MCUXpressoIDE_11.3.0_5222\workspace\lpc_chip_8xx\Debug\liblpc_chip_8xx.a(clock_8xx.o)
 .debug_ranges  0x00000290       0x28 C:\Users\krystian.kucharski\Documents\MCUXpressoIDE_11.3.0_5222\workspace\lpc_chip_8xx\Debug\liblpc_chip_8xx.a(gpio_8xx.o)
 .debug_ranges  0x000002b8       0x28 C:\Users\krystian.kucharski\Documents\MCUXpressoIDE_11.3.0_5222\workspace\lpc_chip_8xx\Debug\liblpc_chip_8xx.a(swm_8xx.o)
 .debug_ranges  0x000002e0       0x40 C:\Users\krystian.kucharski\Documents\MCUXpressoIDE_11.3.0_5222\workspace\lpc_chip_8xx\Debug\liblpc_chip_8xx.a(sysinit_8xx.o)
 .debug_ranges  0x00000320       0xc8 C:\Users\krystian.kucharski\Documents\MCUXpressoIDE_11.3.0_5222\workspace\lpc_chip_8xx\Debug\liblpc_chip_8xx.a(uart_8xx.o)
 .debug_ranges  0x000003e8       0x48 C:\Users\krystian.kucharski\Documents\MCUXpressoIDE_11.3.0_5222\workspace\lpc_chip_8xx\Debug\liblpc_chip_8xx.a(irc_8xx.o)
 .debug_ranges  0x00000430       0x28 C:\Users\krystian.kucharski\Documents\MCUXpressoIDE_11.3.0_5222\workspace\lpc_chip_8xx\Debug\liblpc_chip_8xx.a(syscon_8xx.o)
 .debug_ranges  0x00000458       0x10 c:/nxp/mcuxpressoide_11.3.0_5222/ide/plugins/com.nxp.mcuxpresso.tools.win32_11.3.0.202008311133/tools/bin/../lib/gcc/arm-none-eabi/9.3.1/../../../../arm-none-eabi/lib/thumb/v6-m/nofp\libcr_newlib_nohost.a(_cr_sbrk.o)
 .debug_ranges  0x00000468       0x10 c:/nxp/mcuxpressoide_11.3.0_5222/ide/plugins/com.nxp.mcuxpresso.tools.win32_11.3.0.202008311133/tools/bin/../lib/gcc/arm-none-eabi/9.3.1/../../../../arm-none-eabi/lib/thumb/v6-m/nofp\libcr_newlib_nohost.a(_exit.o)
 .debug_ranges  0x00000478       0x10 c:/nxp/mcuxpressoide_11.3.0_5222/ide/plugins/com.nxp.mcuxpresso.tools.win32_11.3.0.202008311133/tools/bin/../lib/gcc/arm-none-eabi/9.3.1/../../../../arm-none-eabi/lib/thumb/v6-m/nofp\libcr_newlib_nohost.a(close.o)
 .debug_ranges  0x00000488       0x10 c:/nxp/mcuxpressoide_11.3.0_5222/ide/plugins/com.nxp.mcuxpresso.tools.win32_11.3.0.202008311133/tools/bin/../lib/gcc/arm-none-eabi/9.3.1/../../../../arm-none-eabi/lib/thumb/v6-m/nofp\libcr_newlib_nohost.a(fstat.o)
 .debug_ranges  0x00000498       0x10 c:/nxp/mcuxpressoide_11.3.0_5222/ide/plugins/com.nxp.mcuxpresso.tools.win32_11.3.0.202008311133/tools/bin/../lib/gcc/arm-none-eabi/9.3.1/../../../../arm-none-eabi/lib/thumb/v6-m/nofp\libcr_newlib_nohost.a(getpid.o)
 .debug_ranges  0x000004a8       0x10 c:/nxp/mcuxpressoide_11.3.0_5222/ide/plugins/com.nxp.mcuxpresso.tools.win32_11.3.0.202008311133/tools/bin/../lib/gcc/arm-none-eabi/9.3.1/../../../../arm-none-eabi/lib/thumb/v6-m/nofp\libcr_newlib_nohost.a(isatty.o)
 .debug_ranges  0x000004b8       0x10 c:/nxp/mcuxpressoide_11.3.0_5222/ide/plugins/com.nxp.mcuxpresso.tools.win32_11.3.0.202008311133/tools/bin/../lib/gcc/arm-none-eabi/9.3.1/../../../../arm-none-eabi/lib/thumb/v6-m/nofp\libcr_newlib_nohost.a(kill.o)
 .debug_ranges  0x000004c8       0x10 c:/nxp/mcuxpressoide_11.3.0_5222/ide/plugins/com.nxp.mcuxpresso.tools.win32_11.3.0.202008311133/tools/bin/../lib/gcc/arm-none-eabi/9.3.1/../../../../arm-none-eabi/lib/thumb/v6-m/nofp\libcr_newlib_nohost.a(lseek.o)
 .debug_ranges  0x000004d8       0x10 c:/nxp/mcuxpressoide_11.3.0_5222/ide/plugins/com.nxp.mcuxpresso.tools.win32_11.3.0.202008311133/tools/bin/../lib/gcc/arm-none-eabi/9.3.1/../../../../arm-none-eabi/lib/thumb/v6-m/nofp\libcr_newlib_nohost.a(read.o)
 .debug_ranges  0x000004e8       0x10 c:/nxp/mcuxpressoide_11.3.0_5222/ide/plugins/com.nxp.mcuxpresso.tools.win32_11.3.0.202008311133/tools/bin/../lib/gcc/arm-none-eabi/9.3.1/../../../../arm-none-eabi/lib/thumb/v6-m/nofp\libcr_newlib_nohost.a(write.o)
 .debug_ranges  0x000004f8       0x10 c:/nxp/mcuxpressoide_11.3.0_5222/ide/plugins/com.nxp.mcuxpresso.tools.win32_11.3.0.202008311133/tools/bin/../lib/gcc/arm-none-eabi/9.3.1/../../../../arm-none-eabi/lib/thumb/v6-m/nofp\libcr_newlib_nohost.a(_cr_check_heap.o)

.debug_macro    0x00000000     0x667d
 .debug_macro   0x00000000      0x38c ./src/Test_new_new.o
 .debug_macro   0x0000038c      0xb74 ./src/Test_new_new.o
 .debug_macro   0x00000f00       0x1c ./src/Test_new_new.o
 .debug_macro   0x00000f1c       0x22 ./src/Test_new_new.o
 .debug_macro   0x00000f3e       0x8e ./src/Test_new_new.o
 .debug_macro   0x00000fcc       0x51 ./src/Test_new_new.o
 .debug_macro   0x0000101d      0x103 ./src/Test_new_new.o
 .debug_macro   0x00001120       0x6a ./src/Test_new_new.o
 .debug_macro   0x0000118a      0x1df ./src/Test_new_new.o
 .debug_macro   0x00001369       0x16 ./src/Test_new_new.o
 .debug_macro   0x0000137f       0x7b ./src/Test_new_new.o
 .debug_macro   0x000013fa       0x10 ./src/Test_new_new.o
 .debug_macro   0x0000140a       0x28 ./src/Test_new_new.o
 .debug_macro   0x00001432       0x3a ./src/Test_new_new.o
 .debug_macro   0x0000146c       0x1f ./src/Test_new_new.o
 .debug_macro   0x0000148b      0x250 ./src/Test_new_new.o
 .debug_macro   0x000016db      0x145 ./src/Test_new_new.o
 .debug_macro   0x00001820       0xca ./src/Test_new_new.o
 .debug_macro   0x000018ea       0x6a ./src/Test_new_new.o
 .debug_macro   0x00001954       0x70 ./src/Test_new_new.o
 .debug_macro   0x000019c4       0x28 ./src/Test_new_new.o
 .debug_macro   0x000019ec      0x190 ./src/Test_new_new.o
 .debug_macro   0x00001b7c       0x24 ./src/Test_new_new.o
 .debug_macro   0x00001ba0       0x64 ./src/Test_new_new.o
 .debug_macro   0x00001c04       0x10 ./src/Test_new_new.o
 .debug_macro   0x00001c14       0x22 ./src/Test_new_new.o
 .debug_macro   0x00001c36       0xb2 ./src/Test_new_new.o
 .debug_macro   0x00001ce8       0x58 ./src/Test_new_new.o
 .debug_macro   0x00001d40       0x58 ./src/Test_new_new.o
 .debug_macro   0x00001d98       0x6a ./src/Test_new_new.o
 .debug_macro   0x00001e02       0x82 ./src/Test_new_new.o
 .debug_macro   0x00001e84       0x16 ./src/Test_new_new.o
 .debug_macro   0x00001e9a      0x131 ./src/Test_new_new.o
 .debug_macro   0x00001fcb       0x22 ./src/Test_new_new.o
 .debug_macro   0x00001fed       0x52 ./src/Test_new_new.o
 .debug_macro   0x0000203f      0x181 ./src/Test_new_new.o