cr_startup_lpc8xx.cpp:192:6:void data_init(unsigned int, unsigned int, unsigned int)	40	static
cr_startup_lpc8xx.cpp:201:6:void bss_init(unsigned int, unsigned int)	24	static
cr_startup_lpc8xx.cpp:228:1:void ResetISR()	24	static
cr_startup_lpc8xx.cpp:284:6:void NMI_Handler()	8	static
cr_startup_lpc8xx.cpp:291:6:void HardFault_Handler()	8	static
cr_startup_lpc8xx.cpp:298:6:void SVC_Handler()	8	static
cr_startup_lpc8xx.cpp:305:6:void PendSV_Handler()	8	static
cr_startup_lpc8xx.cpp:312:6:void SysTick_Handler()	8	static
cr_startup_lpc8xx.cpp:326:6:void IntDefaultHandler()	8	static
