clock_8xx.h:200:20:Chip_Clock_EnablePeriphClock	16	static
clock_8xx.h:210:20:Chip_Clock_DisablePeriphClock	16	static
clock_8xx.h:222:20:Chip_Clock_SetUARTClockDiv	16	static
swm_8xx.h:267:20:Chip_SWM_DisableFixedPin	16	static
gpio_8xx.h:99:20:Chip_GPIO_SetPinState	24	static
gpio_8xx.h:125:20:Chip_GPIO_GetPinState	16	static
gpio_8xx.h:157:20:Chip_GPIO_SetPinDIROutput	16	static
gpio_8xx.h:549:20:Chip_GPIO_SetPinToggle	16	static
uart_8xx.h:161:20:Chip_UART_Enable	16	static
uart_8xx.h:181:20:Chip_UART_TXEnable	16	static
uart_8xx.h:286:20:Chip_UART_ConfigData	24	static
libconfig-arm.h:247:5:__sys_write	32	static
libconfig-arm.h:241:5:__sys_readc	16	static
board.c:56:13:Board_LED_Init	16	static
board.c:67:13:Board_UART_Init	8	static
board.c:89:6:Board_LED_Set	16	static
board.c:97:6:Board_LED_Test	32	static
board.c:109:6:Board_LED_Toggle	16	static
board.c:117:7:Board_itoa	40	static
board.c:140:6:Board_UARTPutChar	16	static
board.c:148:5:Board_UARTGetChar	16	static
board.c:161:6:Board_UARTPutSTR	16	static
board.c:171:6:Board_Debug_Init	8	static
board.c:186:6:Board_Init	8	static
